Archive member included to satisfy reference by file (symbol)

../Middlewares/ST/AI/Lib\NetworkRuntime710_CM7_GCC.a(ai_platform.o)
                              ./X-CUBE-AI/App/all.o (ai_buffer_array_item_set_address)
../Middlewares/ST/AI/Lib\NetworkRuntime710_CM7_GCC.a(ai_platform_interface.o)
                              ./X-CUBE-AI/App/all.o (ai_platform_get_weights_map)
../Middlewares/ST/AI/Lib\NetworkRuntime710_CM7_GCC.a(core_mem_manager.o)
                              ../Middlewares/ST/AI/Lib\NetworkRuntime710_CM7_GCC.a(ai_platform_interface.o) (core_mem_alloc)
../Middlewares/ST/AI/Lib\NetworkRuntime710_CM7_GCC.a(core_common.o)
                              ../Middlewares/ST/AI/Lib\NetworkRuntime710_CM7_GCC.a(ai_platform_interface.o) (core_init)
../Middlewares/ST/AI/Lib\NetworkRuntime710_CM7_GCC.a(layers_conv2d_generic_float.o)
                              ./X-CUBE-AI/App/all.o (forward_conv2d_nl_pool)
../Middlewares/ST/AI/Lib\NetworkRuntime710_CM7_GCC.a(layers_pool_generic_float.o)
                              ./X-CUBE-AI/App/all.o (pool_func_mp_array_f32)
../Middlewares/ST/AI/Lib\NetworkRuntime710_CM7_GCC.a(layers_nl_generic_float.o)
                              ./X-CUBE-AI/App/all.o (nl_func_relu_array_f32)
../Middlewares/ST/AI/Lib\NetworkRuntime710_CM7_GCC.a(layers_norm_generic_float.o)
                              ./X-CUBE-AI/App/all.o (forward_bn)
../Middlewares/ST/AI/Lib\NetworkRuntime710_CM7_GCC.a(layers.o)
                              ../Middlewares/ST/AI/Lib\NetworkRuntime710_CM7_GCC.a(ai_platform_interface.o) (ai_check_custom_types)
../Middlewares/ST/AI/Lib\NetworkRuntime710_CM7_GCC.a(arm_mat_init_f32.o)
                              ../Middlewares/ST/AI/Lib\NetworkRuntime710_CM7_GCC.a(layers_conv2d_generic_float.o) (st_dsp_arm_mat_init_f32)
../Middlewares/ST/AI/Lib\NetworkRuntime710_CM7_GCC.a(ai_datatypes_internal.o)
                              ../Middlewares/ST/AI/Lib\NetworkRuntime710_CM7_GCC.a(ai_platform_interface.o) (ai_version_get)
../Middlewares/ST/AI/Lib\NetworkRuntime710_CM7_GCC.a(ai_datatypes_format.o)
                              ../Middlewares/ST/AI/Lib\NetworkRuntime710_CM7_GCC.a(ai_platform_interface.o) (ai_array_to_buffer_fmt)
../Middlewares/ST/AI/Lib\NetworkRuntime710_CM7_GCC.a(ai_math_helpers.o)
                              ../Middlewares/ST/AI/Lib\NetworkRuntime710_CM7_GCC.a(layers_nl_generic_float.o) (ai_math_sqrt)
../Middlewares/ST/AI/Lib\NetworkRuntime710_CM7_GCC.a(st_convolve_reference.o)
                              ../Middlewares/ST/AI/Lib\NetworkRuntime710_CM7_GCC.a(ai_math_helpers.o) (align_factor)
d:/st/stm32cubeide_1.9.0/stm32cubeide/plugins/com.st.stm32cube.ide.mcu.externaltools.gnu-tools-for-stm32.10.3-2021.10.win32_1.0.0.202111181127/tools/bin/../lib/gcc/arm-none-eabi/10.3.1/../../../../arm-none-eabi/lib/thumb/v7e-m+fp/hard\libc_nano.a(lib_a-errno.o)
                              ./Core/Src/sysmem.o (__errno)
d:/st/stm32cubeide_1.9.0/stm32cubeide/plugins/com.st.stm32cube.ide.mcu.externaltools.gnu-tools-for-stm32.10.3-2021.10.win32_1.0.0.202111181127/tools/bin/../lib/gcc/arm-none-eabi/10.3.1/../../../../arm-none-eabi/lib/thumb/v7e-m+fp/hard\libc_nano.a(lib_a-exit.o)
                              d:/st/stm32cubeide_1.9.0/stm32cubeide/plugins/com.st.stm32cube.ide.mcu.externaltools.gnu-tools-for-stm32.10.3-2021.10.win32_1.0.0.202111181127/tools/bin/../lib/gcc/arm-none-eabi/10.3.1/../../../../arm-none-eabi/lib/thumb/v7e-m+fp/hard/crt0.o (exit)
d:/st/stm32cubeide_1.9.0/stm32cubeide/plugins/com.st.stm32cube.ide.mcu.externaltools.gnu-tools-for-stm32.10.3-2021.10.win32_1.0.0.202111181127/tools/bin/../lib/gcc/arm-none-eabi/10.3.1/../../../../arm-none-eabi/lib/thumb/v7e-m+fp/hard\libc_nano.a(lib_a-impure.o)
                              d:/st/stm32cubeide_1.9.0/stm32cubeide/plugins/com.st.stm32cube.ide.mcu.externaltools.gnu-tools-for-stm32.10.3-2021.10.win32_1.0.0.202111181127/tools/bin/../lib/gcc/arm-none-eabi/10.3.1/../../../../arm-none-eabi/lib/thumb/v7e-m+fp/hard\libc_nano.a(lib_a-exit.o) (_global_impure_ptr)
d:/st/stm32cubeide_1.9.0/stm32cubeide/plugins/com.st.stm32cube.ide.mcu.externaltools.gnu-tools-for-stm32.10.3-2021.10.win32_1.0.0.202111181127/tools/bin/../lib/gcc/arm-none-eabi/10.3.1/../../../../arm-none-eabi/lib/thumb/v7e-m+fp/hard\libc_nano.a(lib_a-init.o)
                              d:/st/stm32cubeide_1.9.0/stm32cubeide/plugins/com.st.stm32cube.ide.mcu.externaltools.gnu-tools-for-stm32.10.3-2021.10.win32_1.0.0.202111181127/tools/bin/../lib/gcc/arm-none-eabi/10.3.1/../../../../arm-none-eabi/lib/thumb/v7e-m+fp/hard/crt0.o (__libc_init_array)
d:/st/stm32cubeide_1.9.0/stm32cubeide/plugins/com.st.stm32cube.ide.mcu.externaltools.gnu-tools-for-stm32.10.3-2021.10.win32_1.0.0.202111181127/tools/bin/../lib/gcc/arm-none-eabi/10.3.1/../../../../arm-none-eabi/lib/thumb/v7e-m+fp/hard\libc_nano.a(lib_a-malloc.o)
                              ../Middlewares/ST/AI/Lib\NetworkRuntime710_CM7_GCC.a(core_mem_manager.o) (malloc)
[...]
Memory Configuration

Name             Origin             Length             Attributes
RAM              0x0000000020000000 0x0000000000050000 xrw
FLASH            0x0000000008000000 0x0000000000100000 xr
*default*        0x0000000000000000 0xffffffffffffffff

Linker script and memory map

LOAD d:/st/stm32cubeide_1.9.0/stm32cubeide/plugins/com.st.stm32cube.ide.mcu.externaltools.gnu-tools-for-stm32.10.3-2021.10.win32_1.0.0.202111181127/tools/bin/../lib/gcc/arm-none-eabi/10.3.1/thumb/v7e-m+fp/hard/crti.o
LOAD d:/st/stm32cubeide_1.9.0/stm32cubeide/plugins/com.st.stm32cube.ide.mcu.externaltools.gnu-tools-for-stm32.10.3-2021.10.win32_1.0.0.202111181127/tools/bin/../lib/gcc/arm-none-eabi/10.3.1/thumb/v7e-m+fp/hard/crtbegin.o
LOAD d:/st/stm32cubeide_1.9.0/stm32cubeide/plugins/com.st.stm32cube.ide.mcu.externaltools.gnu-tools-for-stm32.10.3-2021.10.win32_1.0.0.202111181127/tools/bin/../lib/gcc/arm-none-eabi/10.3.1/../../../../arm-none-eabi/lib/thumb/v7e-m+fp/hard/crt0.o
LOAD ./Core/Src/main.o
LOAD ./Core/Src/stm32f7xx_hal_msp.o
LOAD ./Core/Src/stm32f7xx_it.o
LOAD ./Core/Src/sysmem.o
LOAD ./Core/Src/system_stm32f7xx.o
LOAD ./Core/Startup/startup_stm32f746nghx.o
LOAD ./Drivers/STM32F7xx_HAL_Driver/Src/stm32f7xx_hal.o
LOAD ./Drivers/STM32F7xx_HAL_Driver/Src/stm32f7xx_hal_cortex.o
LOAD ./Drivers/STM32F7xx_HAL_Driver/Src/stm32f7xx_hal_crc.o
LOAD ./Drivers/STM32F7xx_HAL_Driver/Src/stm32f7xx_hal_crc_ex.o
LOAD ./Drivers/STM32F7xx_HAL_Driver/Src/stm32f7xx_hal_dma.o
LOAD ./Drivers/STM32F7xx_HAL_Driver/Src/stm32f7xx_hal_dma_ex.o
LOAD ./Drivers/STM32F7xx_HAL_Driver/Src/stm32f7xx_hal_exti.o
LOAD ./Drivers/STM32F7xx_HAL_Driver/Src/stm32f7xx_hal_flash.o
LOAD ./Drivers/STM32F7xx_HAL_Driver/Src/stm32f7xx_hal_flash_ex.o
LOAD ./Drivers/STM32F7xx_HAL_Driver/Src/stm32f7xx_hal_gpio.o
LOAD ./Drivers/STM32F7xx_HAL_Driver/Src/stm32f7xx_hal_i2c.o
LOAD ./Drivers/STM32F7xx_HAL_Driver/Src/stm32f7xx_hal_i2c_ex.o
LOAD ./Drivers/STM32F7xx_HAL_Driver/Src/stm32f7xx_hal_pwr.o
LOAD ./Drivers/STM32F7xx_HAL_Driver/Src/stm32f7xx_hal_pwr_ex.o
LOAD ./Drivers/STM32F7xx_HAL_Driver/Src/stm32f7xx_hal_rcc.o
LOAD ./Drivers/STM32F7xx_HAL_Driver/Src/stm32f7xx_hal_rcc_ex.o
LOAD ./Drivers/STM32F7xx_HAL_Driver/Src/stm32f7xx_hal_tim.o
LOAD ./Drivers/STM32F7xx_HAL_Driver/Src/stm32f7xx_hal_tim_ex.o
LOAD ./X-CUBE-AI/App/all.o
LOAD ./X-CUBE-AI/App/all_data.o
LOAD ./X-CUBE-AI/App/two_three.o
LOAD ./X-CUBE-AI/App/two_three_data.o
LOAD ../Middlewares/ST/AI/Lib\NetworkRuntime710_CM7_GCC.a
START GROUP
LOAD d:/st/stm32cubeide_1.9.0/stm32cubeide/plugins/com.st.stm32cube.ide.mcu.externaltools.gnu-tools-for-stm32.10.3-2021.10.win32_1.0.0.202111181127/tools/bin/../lib/gcc/arm-none-eabi/10.3.1/../../../../arm-none-eabi/lib/thumb/v7e-m+fp/hard\libc_nano.a
LOAD d:/st/stm32cubeide_1.9.0/stm32cubeide/plugins/com.st.stm32cube.ide.mcu.externaltools.gnu-tools-for-stm32.10.3-2021.10.win32_1.0.0.202111181127/tools/bin/../lib/gcc/arm-none-eabi/10.3.1/../../../../arm-none-eabi/lib/thumb/v7e-m+fp/hard\libm.a
END GROUP
START GROUP
LOAD d:/st/stm32cubeide_1.9.0/stm32cubeide/plugins/com.st.stm32cube.ide.mcu.externaltools.gnu-tools-for-stm32.10.3-2021.10.win32_1.0.0.202111181127/tools/bin/../lib/gcc/arm-none-eabi/10.3.1/thumb/v7e-m+fp/hard\libgcc.a
LOAD d:/st/stm32cubeide_1.9.0/stm32cubeide/plugins/com.st.stm32cube.ide.mcu.externaltools.gnu-tools-for-stm32.10.3-2021.10.win32_1.0.0.202111181127/tools/bin/../lib/gcc/arm-none-eabi/10.3.1/../../../../arm-none-eabi/lib/thumb/v7e-m+fp/hard\libc_nano.a
END GROUP
START GROUP
LOAD d:/st/stm32cubeide_1.9.0/stm32cubeide/plugins/com.st.stm32cube.ide.mcu.externaltools.gnu-tools-for-stm32.10.3-2021.10.win32_1.0.0.202111181127/tools/bin/../lib/gcc/arm-none-eabi/10.3.1/thumb/v7e-m+fp/hard\libgcc.a
LOAD d:/st/stm32cubeide_1.9.0/stm32cubeide/plugins/com.st.stm32cube.ide.mcu.externaltools.gnu-tools-for-stm32.10.3-2021.10.win32_1.0.0.202111181127/tools/bin/../lib/gcc/arm-none-eabi/10.3.1/../../../../arm-none-eabi/lib/thumb/v7e-m+fp/hard\libc_nano.a
LOAD d:/st/stm32cubeide_1.9.0/stm32cubeide/plugins/com.st.stm32cube.ide.mcu.externaltools.gnu-tools-for-stm32.10.3-2021.10.win32_1.0.0.202111181127/tools/bin/../lib/gcc/arm-none-eabi/10.3.1/../../../../arm-none-eabi/lib/thumb/v7e-m+fp/hard\libnosys.a
END GROUP
START GROUP
LOAD d:/st/stm32cubeide_1.9.0/stm32cubeide/plugins/com.st.stm32cube.ide.mcu.externaltools.gnu-tools-for-stm32.10.3-2021.10.win32_1.0.0.202111181127/tools/bin/../lib/gcc/arm-none-eabi/10.3.1/thumb/v7e-m+fp/hard\libgcc.a
LOAD d:/st/stm32cubeide_1.9.0/stm32cubeide/plugins/com.st.stm32cube.ide.mcu.externaltools.gnu-tools-for-stm32.10.3-2021.10.win32_1.0.0.202111181127/tools/bin/../lib/gcc/arm-none-eabi/10.3.1/../../../../arm-none-eabi/lib/thumb/v7e-m+fp/hard\libc_nano.a
LOAD d:/st/stm32cubeide_1.9.0/stm32cubeide/plugins/com.st.stm32cube.ide.mcu.externaltools.gnu-tools-for-stm32.10.3-2021.10.win32_1.0.0.202111181127/tools/bin/../lib/gcc/arm-none-eabi/10.3.1/../../../../arm-none-eabi/lib/thumb/v7e-m+fp/hard\libnosys.a
END GROUP
LOAD d:/st/stm32cubeide_1.9.0/stm32cubeide/plugins/com.st.stm32cube.ide.mcu.externaltools.gnu-tools-for-stm32.10.3-2021.10.win32_1.0.0.202111181127/tools/bin/../lib/gcc/arm-none-eabi/10.3.1/thumb/v7e-m+fp/hard/crtend.o
LOAD d:/st/stm32cubeide_1.9.0/stm32cubeide/plugins/com.st.stm32cube.ide.mcu.externaltools.gnu-tools-for-stm32.10.3-2021.10.win32_1.0.0.202111181127/tools/bin/../lib/gcc/arm-none-eabi/10.3.1/thumb/v7e-m+fp/hard/crtn.o
                0x0000000020050000                _estack = (ORIGIN (RAM) + LENGTH (RAM))
                0x0000000000000200                _Min_Heap_Size = 0x200
                0x0000000000000400                _Min_Stack_Size = 0x400

.isr_vector     0x0000000008000000      0x1c8
                0x0000000008000000                . = ALIGN (0x4)
 *(.isr_vector)
 .isr_vector    0x0000000008000000      0x1c8 ./Core/Startup/startup_stm32f746nghx.o
                0x0000000008000000                g_pfnVectors
                0x00000000080001c8                . = ALIGN (0x4)

.text           0x00000000080001c8     0x7158
                0x00000000080001c8                . = ALIGN (0x4)
 *(.text)
 .text          0x00000000080001c8       0x40 d:/st/stm32cubeide_1.9.0/stm32cubeide/plugins/com.st.stm32cube.ide.mcu.externaltools.gnu-tools-for-stm32.10.3-2021.10.win32_1.0.0.202111181127/tools/bin/../lib/gcc/arm-none-eabi/10.3.1/thumb/v7e-m+fp/hard/crtbegin.o
 .text          0x0000000008000208       0x30 d:/st/stm32cubeide_1.9.0/stm32cubeide/plugins/com.st.stm32cube.ide.mcu.externaltools.gnu-tools-for-stm32.10.3-2021.10.win32_1.0.0.202111181127/tools/bin/../lib/gcc/arm-none-eabi/10.3.1/thumb/v7e-m+fp/hard\libgcc.a(_aeabi_uldivmod.o)
                0x0000000008000208                __aeabi_uldivmod
 .text          0x0000000008000238      0x2d0 d:/st/stm32cubeide_1.9.0/stm32cubeide/plugins/com.st.stm32cube.ide.mcu.externaltools.gnu-tools-for-stm32.10.3-2021.10.win32_1.0.0.202111181127/tools/bin/../lib/gcc/arm-none-eabi/10.3.1/thumb/v7e-m+fp/hard\libgcc.a(_udivmoddi4.o)
                0x0000000008000238                __udivmoddi4
 .text          0x0000000008000508        0x4 d:/st/stm32cubeide_1.9.0/stm32cubeide/plugins/com.st.stm32cube.ide.mcu.externaltools.gnu-tools-for-stm32.10.3-2021.10.win32_1.0.0.202111181127/tools/bin/../lib/gcc/arm-none-eabi/10.3.1/thumb/v7e-m+fp/hard\libgcc.a(_dvmd_tls.o)
                0x0000000008000508                __aeabi_idiv0
                0x0000000008000508                __aeabi_ldiv0
 *(.text*)
 .text.SCB_EnableICache
                0x000000000800050c       0x4c ./Core/Src/main.o
 .text.SCB_EnableDCache
                0x0000000008000558       0x88 ./Core/Src/main.o
 .text.aiInit   0x00000000080005e0       0xb0 ./Core/Src/main.o
                0x00000000080005e0                aiInit
 .text.aiRun    0x0000000008000690       0xa4 ./Core/Src/main.o
                0x0000000008000690                aiRun
 .text.main     0x0000000008000734       0xdc ./Core/Src/main.o
                0x0000000008000734                main
 .text.SystemClock_Config
                0x0000000008000810       0xd0 ./Core/Src/main.o
                0x0000000008000810                SystemClock_Config
 .text.MX_CRC_Init
                0x00000000080008e0       0x44 ./Core/Src/main.o
 .text.MX_GPIO_Init
                0x0000000008000924      0x92c ./Core/Src/main.o
 .text.Error_Handler
                0x0000000008001250        0xa ./Core/Src/main.o
                0x0000000008001250                Error_Handler
 *fill*         0x000000000800125a        0x2 
 .text.HAL_MspInit
                0x000000000800125c       0x48 ./Core/Src/stm32f7xx_hal_msp.o
                0x000000000800125c                HAL_MspInit
 .text.HAL_CRC_MspInit
                0x00000000080012a4       0x40 ./Core/Src/stm32f7xx_hal_msp.o
                0x00000000080012a4                HAL_CRC_MspInit
 .text.NMI_Handler
                0x00000000080012e4        0x6 ./Core/Src/stm32f7xx_it.o
                0x00000000080012e4                NMI_Handler
 .text.HardFault_Handler
                0x00000000080012ea        0x6 ./Core/Src/stm32f7xx_it.o
                0x00000000080012ea                HardFault_Handler
 .text.MemManage_Handler
                0x00000000080012f0        0x6 ./Core/Src/stm32f7xx_it.o
                0x00000000080012f0                MemManage_Handler
 .text.BusFault_Handler
                0x00000000080012f6        0x6 ./Core/Src/stm32f7xx_it.o
                0x00000000080012f6                BusFault_Handler
 .text.UsageFault_Handler
                0x00000000080012fc        0x6 ./Core/Src/stm32f7xx_it.o
                0x00000000080012fc                UsageFault_Handler
 .text.SVC_Handler
                0x0000000008001302        0xe ./Core/Src/stm32f7xx_it.o
                0x0000000008001302                SVC_Handler
 .text.DebugMon_Handler
                0x0000000008001310        0xe ./Core/Src/stm32f7xx_it.o
                0x0000000008001310                DebugMon_Handler
 .text.PendSV_Handler
                0x000000000800131e        0xe ./Core/Src/stm32f7xx_it.o
                0x000000000800131e                PendSV_Handler
 .text.SysTick_Handler
                0x000000000800132c        0xc ./Core/Src/stm32f7xx_it.o
                0x000000000800132c                SysTick_Handler
 .text.SystemInit
                0x0000000008001338       0x24 ./Core/Src/system_stm32f7xx.o
                0x0000000008001338                SystemInit
 .text.Reset_Handler
                0x000000000800135c       0x50 ./Core/Startup/startup_stm32f746nghx.o
                0x000000000800135c                Reset_Handler
 .text.Default_Handler
                0x00000000080013ac        0x2 ./Core/Startup/startup_stm32f746nghx.o
                0x00000000080013ac                RTC_Alarm_IRQHandler
                0x00000000080013ac                EXTI2_IRQHandler
                0x00000000080013ac                TIM8_CC_IRQHandler
                0x00000000080013ac                UART8_IRQHandler
                0x00000000080013ac                SPI4_IRQHandler
                0x00000000080013ac                TIM1_CC_IRQHandler
                0x00000000080013ac                DMA2_Stream5_IRQHandler
                0x00000000080013ac                DMA1_Stream5_IRQHandler
                0x00000000080013ac                PVD_IRQHandler
                0x00000000080013ac                TAMP_STAMP_IRQHandler
                0x00000000080013ac                CAN2_RX1_IRQHandler
                0x00000000080013ac                EXTI3_IRQHandler
                0x00000000080013ac                TIM8_TRG_COM_TIM14_IRQHandler
                0x00000000080013ac                TIM1_UP_TIM10_IRQHandler
                0x00000000080013ac                TIM8_UP_TIM13_IRQHandler
                0x00000000080013ac                I2C3_ER_IRQHandler
                0x00000000080013ac                EXTI0_IRQHandler
                0x00000000080013ac                I2C2_EV_IRQHandler
                0x00000000080013ac                DMA1_Stream2_IRQHandler
                0x00000000080013ac                CAN1_RX0_IRQHandler
                0x00000000080013ac                FPU_IRQHandler
                0x00000000080013ac                OTG_HS_WKUP_IRQHandler
                0x00000000080013ac                LTDC_ER_IRQHandler
                0x00000000080013ac                CAN2_SCE_IRQHandler
                0x00000000080013ac                DMA2_Stream2_IRQHandler
                0x00000000080013ac                SPI1_IRQHandler
                0x00000000080013ac                TIM6_DAC_IRQHandler
                0x00000000080013ac                TIM1_BRK_TIM9_IRQHandler
                0x00000000080013ac                DCMI_IRQHandler
                0x00000000080013ac                CAN2_RX0_IRQHandler
                0x00000000080013ac                DMA2_Stream3_IRQHandler
                0x00000000080013ac                SAI2_IRQHandler
                0x00000000080013ac                USART6_IRQHandler
                0x00000000080013ac                USART3_IRQHandler
                0x00000000080013ac                CAN1_RX1_IRQHandler
                0x00000000080013ac                UART5_IRQHandler
                0x00000000080013ac                DMA2_Stream0_IRQHandler
                0x00000000080013ac                TIM4_IRQHandler
                0x00000000080013ac                QUADSPI_IRQHandler
                0x00000000080013ac                I2C1_EV_IRQHandler
                0x00000000080013ac                DMA1_Stream6_IRQHandler
                0x00000000080013ac                DMA1_Stream1_IRQHandler
                0x00000000080013ac                UART4_IRQHandler
                0x00000000080013ac                TIM3_IRQHandler
                0x00000000080013ac                RCC_IRQHandler
                0x00000000080013ac                TIM8_BRK_TIM12_IRQHandler
                0x00000000080013ac                Default_Handler
                0x00000000080013ac                CEC_IRQHandler
                0x00000000080013ac                EXTI15_10_IRQHandler
                0x00000000080013ac                ADC_IRQHandler
                0x00000000080013ac                DMA1_Stream7_IRQHandler
                0x00000000080013ac                SPI5_IRQHandler
                0x00000000080013ac                TIM7_IRQHandler
                0x00000000080013ac                SDMMC1_IRQHandler
                0x00000000080013ac                CAN2_TX_IRQHandler
                0x00000000080013ac                TIM5_IRQHandler
                0x00000000080013ac                DMA2_Stream7_IRQHandler
                0x00000000080013ac                I2C3_EV_IRQHandler
                0x00000000080013ac                EXTI9_5_IRQHandler
                0x00000000080013ac                RTC_WKUP_IRQHandler
                0x00000000080013ac                LTDC_IRQHandler
                0x00000000080013ac                ETH_WKUP_IRQHandler
                0x00000000080013ac                SPDIF_RX_IRQHandler
                0x00000000080013ac                SPI2_IRQHandler
                0x00000000080013ac                OTG_HS_EP1_IN_IRQHandler
                0x00000000080013ac                DMA1_Stream0_IRQHandler
                0x00000000080013ac                CAN1_TX_IRQHandler
                0x00000000080013ac                EXTI4_IRQHandler
                0x00000000080013ac                RNG_IRQHandler
                0x00000000080013ac                ETH_IRQHandler
                0x00000000080013ac                OTG_HS_EP1_OUT_IRQHandler
                0x00000000080013ac                WWDG_IRQHandler
                0x00000000080013ac                SPI6_IRQHandler
                0x00000000080013ac                I2C4_EV_IRQHandler
                0x00000000080013ac                TIM2_IRQHandler
                0x00000000080013ac                OTG_FS_WKUP_IRQHandler
                0x00000000080013ac                TIM1_TRG_COM_TIM11_IRQHandler
                0x00000000080013ac                OTG_HS_IRQHandler
                0x00000000080013ac                DMA2D_IRQHandler
                0x00000000080013ac                EXTI1_IRQHandler
                0x00000000080013ac                UART7_IRQHandler
                0x00000000080013ac                USART2_IRQHandler
                0x00000000080013ac                I2C2_ER_IRQHandler
                0x00000000080013ac                DMA2_Stream1_IRQHandler
                0x00000000080013ac                CAN1_SCE_IRQHandler
                0x00000000080013ac                FLASH_IRQHandler
                0x00000000080013ac                DMA2_Stream4_IRQHandler
                0x00000000080013ac                USART1_IRQHandler
                0x00000000080013ac                OTG_FS_IRQHandler
                0x00000000080013ac                SPI3_IRQHandler
                0x00000000080013ac                DMA1_Stream4_IRQHandler
                0x00000000080013ac                I2C1_ER_IRQHandler
                0x00000000080013ac                FMC_IRQHandler
                0x00000000080013ac                LPTIM1_IRQHandler
                0x00000000080013ac                I2C4_ER_IRQHandler
                0x00000000080013ac                DMA2_Stream6_IRQHandler
                0x00000000080013ac                SAI1_IRQHandler
                0x00000000080013ac                DMA1_Stream3_IRQHandler
 .text.HAL_Init
                0x00000000080013ae       0x1a ./Drivers/STM32F7xx_HAL_Driver/Src/stm32f7xx_hal.o
                0x00000000080013ae                HAL_Init
 .text.HAL_InitTick
                0x00000000080013c8       0x60 ./Drivers/STM32F7xx_HAL_Driver/Src/stm32f7xx_hal.o
                0x00000000080013c8                HAL_InitTick
 .text.HAL_IncTick
                0x0000000008001428       0x28 ./Drivers/STM32F7xx_HAL_Driver/Src/stm32f7xx_hal.o
                0x0000000008001428                HAL_IncTick
 .text.HAL_GetTick
                0x0000000008001450       0x18 ./Drivers/STM32F7xx_HAL_Driver/Src/stm32f7xx_hal.o
                0x0000000008001450                HAL_GetTick
 .text.HAL_Delay
                0x0000000008001468       0x48 ./Drivers/STM32F7xx_HAL_Driver/Src/stm32f7xx_hal.o
                0x0000000008001468                HAL_Delay
 .text.__NVIC_SetPriorityGrouping
                0x00000000080014b0       0x48 ./Drivers/STM32F7xx_HAL_Driver/Src/stm32f7xx_hal_cortex.o
 .text.__NVIC_GetPriorityGrouping
                0x00000000080014f8       0x1c ./Drivers/STM32F7xx_HAL_Driver/Src/stm32f7xx_hal_cortex.o
 .text.__NVIC_SetPriority
                0x0000000008001514       0x54 ./Drivers/STM32F7xx_HAL_Driver/Src/stm32f7xx_hal_cortex.o
 .text.NVIC_EncodePriority
                0x0000000008001568       0x66 ./Drivers/STM32F7xx_HAL_Driver/Src/stm32f7xx_hal_cortex.o
 *fill*         0x00000000080015ce        0x2 
 .text.SysTick_Config
                0x00000000080015d0       0x44 ./Drivers/STM32F7xx_HAL_Driver/Src/stm32f7xx_hal_cortex.o
 .text.HAL_NVIC_SetPriorityGrouping
                0x0000000008001614       0x16 ./Drivers/STM32F7xx_HAL_Driver/Src/stm32f7xx_hal_cortex.o
                0x0000000008001614                HAL_NVIC_SetPriorityGrouping
 .text.HAL_NVIC_SetPriority
                0x000000000800162a       0x38 ./Drivers/STM32F7xx_HAL_Driver/Src/stm32f7xx_hal_cortex.o
                0x000000000800162a                HAL_NVIC_SetPriority
 .text.HAL_SYSTICK_Config
                0x0000000008001662       0x18 ./Drivers/STM32F7xx_HAL_Driver/Src/stm32f7xx_hal_cortex.o
                0x0000000008001662                HAL_SYSTICK_Config
 *fill*         0x000000000800167a        0x2 
 .text.HAL_CRC_Init
                0x000000000800167c       0xc8 ./Drivers/STM32F7xx_HAL_Driver/Src/stm32f7xx_hal_crc.o
                0x000000000800167c                HAL_CRC_Init
 .text.HAL_CRCEx_Polynomial_Set
                0x0000000008001744      0x10c ./Drivers/STM32F7xx_HAL_Driver/Src/stm32f7xx_hal_crc_ex.o
                0x0000000008001744                HAL_CRCEx_Polynomial_Set
 .text.HAL_GPIO_Init
                0x0000000008001850      0x358 ./Drivers/STM32F7xx_HAL_Driver/Src/stm32f7xx_hal_gpio.o
                0x0000000008001850                HAL_GPIO_Init
 .text.HAL_GPIO_WritePin
                0x0000000008001ba8       0x32 ./Drivers/STM32F7xx_HAL_Driver/Src/stm32f7xx_hal_gpio.o
                0x0000000008001ba8                HAL_GPIO_WritePin
 .text.HAL_GPIO_TogglePin
                0x0000000008001bda       0x34 ./Drivers/STM32F7xx_HAL_Driver/Src/stm32f7xx_hal_gpio.o
                0x0000000008001bda                HAL_GPIO_TogglePin
 *fill*         0x0000000008001c0e        0x2 
 .text.HAL_RCC_OscConfig
                0x0000000008001c10      0x548 ./Drivers/STM32F7xx_HAL_Driver/Src/stm32f7xx_hal_rcc.o
                0x0000000008001c10                HAL_RCC_OscConfig
 .text.HAL_RCC_ClockConfig
                0x0000000008002158      0x1d8 ./Drivers/STM32F7xx_HAL_Driver/Src/stm32f7xx_hal_rcc.o
                0x0000000008002158                HAL_RCC_ClockConfig
 .text.HAL_RCC_GetSysClockFreq
                0x0000000008002330      0x18c ./Drivers/STM32F7xx_HAL_Driver/Src/stm32f7xx_hal_rcc.o
                0x0000000008002330                HAL_RCC_GetSysClockFreq
 .text.all_configure_activations
                0x00000000080024bc       0xf4 ./X-CUBE-AI/App/all.o
 .text.all_configure_weights
                0x00000000080025b0      0x1f8 ./X-CUBE-AI/App/all.o
 .text.ai_all_get_error
                0x00000000080027a8       0x18 ./X-CUBE-AI/App/all.o
                0x00000000080027a8                ai_all_get_error
 .text.ai_all_create
                0x00000000080027c0       0x2c ./X-CUBE-AI/App/all.o
                0x00000000080027c0                ai_all_create
 .text.ai_all_create_and_init
                0x00000000080027ec       0xe8 ./X-CUBE-AI/App/all.o
                0x00000000080027ec                ai_all_create_and_init
 .text.ai_all_inputs_get
                0x00000000080028d4       0x34 ./X-CUBE-AI/App/all.o
                0x00000000080028d4                ai_all_inputs_get
 .text.ai_all_outputs_get
                0x0000000008002908       0x34 ./X-CUBE-AI/App/all.o
                0x0000000008002908                ai_all_outputs_get
 .text.ai_all_init
                0x000000000800293c       0x78 ./X-CUBE-AI/App/all.o
                0x000000000800293c                ai_all_init
 .text.ai_all_run
                0x00000000080029b4       0x20 ./X-CUBE-AI/App/all.o
                0x00000000080029b4                ai_all_run
 .text.ai_all_data_params_get
                0x00000000080029d4       0x50 ./X-CUBE-AI/App/all_data.o
                0x00000000080029d4                ai_all_data_params_get
 .text.two_three_configure_activations
                0x0000000008002a24       0xf0 ./X-CUBE-AI/App/two_three.o
 .text.two_three_configure_weights
                0x0000000008002b14      0x1f0 ./X-CUBE-AI/App/two_three.o
 .text.ai_two_three_get_error
                0x0000000008002d04       0x18 ./X-CUBE-AI/App/two_three.o
                0x0000000008002d04                ai_two_three_get_error
 .text.ai_two_three_create
                0x0000000008002d1c       0x2c ./X-CUBE-AI/App/two_three.o
                0x0000000008002d1c                ai_two_three_create
 .text.ai_two_three_create_and_init
                0x0000000008002d48       0xe8 ./X-CUBE-AI/App/two_three.o
                0x0000000008002d48                ai_two_three_create_and_init
 .text.ai_two_three_inputs_get
                0x0000000008002e30       0x34 ./X-CUBE-AI/App/two_three.o
                0x0000000008002e30                ai_two_three_inputs_get
 .text.ai_two_three_outputs_get
                0x0000000008002e64       0x34 ./X-CUBE-AI/App/two_three.o
                0x0000000008002e64                ai_two_three_outputs_get
 .text.ai_two_three_init
                0x0000000008002e98       0x78 ./X-CUBE-AI/App/two_three.o
                0x0000000008002e98                ai_two_three_init
 .text.ai_two_three_run
                0x0000000008002f10       0x20 ./X-CUBE-AI/App/two_three.o
                0x0000000008002f10                ai_two_three_run
 .text.ai_two_three_data_params_get
                0x0000000008002f30       0x50 ./X-CUBE-AI/App/two_three_data.o
                0x0000000008002f30                ai_two_three_data_params_get
 .text.ai_buffer_get_size
                0x0000000008002f80       0x60 ../Middlewares/ST/AI/Lib\NetworkRuntime710_CM7_GCC.a(ai_platform.o)
                0x0000000008002f80                ai_buffer_get_size
 .text.ai_buffer_array_sane
                0x0000000008002fe0       0x14 ../Middlewares/ST/AI/Lib\NetworkRuntime710_CM7_GCC.a(ai_platform.o)
                0x0000000008002fe0                ai_buffer_array_sane
 .text.ai_buffer_array_item_set_address
                0x0000000008002ff4       0x24 ../Middlewares/ST/AI/Lib\NetworkRuntime710_CM7_GCC.a(ai_platform.o)
                0x0000000008002ff4                ai_buffer_array_item_set_address
 .text._ai_platform_acquire_crc
                0x0000000008003018        0x4 ../Middlewares/ST/AI/Lib\NetworkRuntime710_CM7_GCC.a(ai_platform_interface.o)
                0x0000000008003018                _ai_platform_acquire_crc
 .text._ai_platform_release_crc
                0x000000000800301c        0x4 ../Middlewares/ST/AI/Lib\NetworkRuntime710_CM7_GCC.a(ai_platform_interface.o)
                0x000000000800301c                _ai_platform_release_crc
 .text.ai_platform_get_weights_map
                0x0000000008003020       0xac ../Middlewares/ST/AI/Lib\NetworkRuntime710_CM7_GCC.a(ai_platform_interface.o)
                0x0000000008003020                ai_platform_get_weights_map
 .text.ai_platform_get_activations_map
                0x00000000080030cc       0xb0 ../Middlewares/ST/AI/Lib\NetworkRuntime710_CM7_GCC.a(ai_platform_interface.o)
                0x00000000080030cc                ai_platform_get_activations_map
 .text.ai_platform_bind_network_params
                0x000000000800317c       0x3c ../Middlewares/ST/AI/Lib\NetworkRuntime710_CM7_GCC.a(ai_platform_interface.o)
                0x000000000800317c                ai_platform_bind_network_params
 .text.ai_platform_network_get_error
                0x00000000080031b8      0x1e8 ../Middlewares/ST/AI/Lib\NetworkRuntime710_CM7_GCC.a(ai_platform_interface.o)
                0x00000000080031b8                ai_platform_network_get_error
 .text.ai_platform_network_set_error
                0x00000000080033a0        0xc ../Middlewares/ST/AI/Lib\NetworkRuntime710_CM7_GCC.a(ai_platform_interface.o)
                0x00000000080033a0                ai_platform_network_set_error
 .text.ai_platform_inputs_get
                0x00000000080033ac      0x304 ../Middlewares/ST/AI/Lib\NetworkRuntime710_CM7_GCC.a(ai_platform_interface.o)
                0x00000000080033ac                ai_platform_inputs_get
 .text.ai_platform_outputs_get
                0x00000000080036b0      0x308 ../Middlewares/ST/AI/Lib\NetworkRuntime710_CM7_GCC.a(ai_platform_interface.o)
                0x00000000080036b0                ai_platform_outputs_get
 .text.ai_platform_network_create
                0x00000000080039b8      0x340 ../Middlewares/ST/AI/Lib\NetworkRuntime710_CM7_GCC.a(ai_platform_interface.o)
                0x00000000080039b8                ai_platform_network_create
 .text.ai_platform_network_init
                0x0000000008003cf8      0x324 ../Middlewares/ST/AI/Lib\NetworkRuntime710_CM7_GCC.a(ai_platform_interface.o)
                0x0000000008003cf8                ai_platform_network_init
 .text.ai_platform_network_post_init
                0x000000000800401c      0x22c ../Middlewares/ST/AI/Lib\NetworkRuntime710_CM7_GCC.a(ai_platform_interface.o)
                0x000000000800401c                ai_platform_network_post_init
 .text.ai_platform_network_process
                0x0000000008004248      0x5b8 ../Middlewares/ST/AI/Lib\NetworkRuntime710_CM7_GCC.a(ai_platform_interface.o)
                0x0000000008004248                ai_platform_network_process
 .text.core_init
                0x0000000008004800        0x4 ../Middlewares/ST/AI/Lib\NetworkRuntime710_CM7_GCC.a(core_common.o)
                0x0000000008004800                core_init
 .text.core_get_error
                0x0000000008004804        0xc ../Middlewares/ST/AI/Lib\NetworkRuntime710_CM7_GCC.a(core_common.o)
                0x0000000008004804                core_get_error
 .text.core_set_error
                0x0000000008004810       0x18 ../Middlewares/ST/AI/Lib\NetworkRuntime710_CM7_GCC.a(core_common.o)
                0x0000000008004810                core_set_error
 .text.func_dummy
                0x0000000008004828        0x4 ../Middlewares/ST/AI/Lib\NetworkRuntime710_CM7_GCC.a(layers_conv2d_generic_float.o)
 .text.ai_dict_decompress_f32
                0x000000000800482c       0xa0 ../Middlewares/ST/AI/Lib\NetworkRuntime710_CM7_GCC.a(layers_conv2d_generic_float.o)
                0x000000000800482c                ai_dict_decompress_f32
 .text.forward_conv2d_nl_pool
                0x00000000080048cc     0x123c ../Middlewares/ST/AI/Lib\NetworkRuntime710_CM7_GCC.a(layers_conv2d_generic_float.o)
                0x00000000080048cc                forward_conv2d_nl_pool
 .text.forward_dense
                0x0000000008005b08      0xa74 ../Middlewares/ST/AI/Lib\NetworkRuntime710_CM7_GCC.a(layers_conv2d_generic_float.o)
                0x0000000008005b08                forward_dense
 .text.pool_func_mp_array_f32
                0x000000000800657c      0x318 ../Middlewares/ST/AI/Lib\NetworkRuntime710_CM7_GCC.a(layers_pool_generic_float.o)
                0x000000000800657c                pool_func_mp_array_f32
 .text.nl_func_relu_array_f32
                0x0000000008006894       0x40 ../Middlewares/ST/AI/Lib\NetworkRuntime710_CM7_GCC.a(layers_nl_generic_float.o)
                0x0000000008006894                nl_func_relu_array_f32
 .text.nl_func_sm_array_f32
                0x00000000080068d4       0xf8 ../Middlewares/ST/AI/Lib\NetworkRuntime710_CM7_GCC.a(layers_nl_generic_float.o)
                0x00000000080068d4                nl_func_sm_array_f32
 .text.nl_func_relu_generic_array_f32
                0x00000000080069cc       0xf0 ../Middlewares/ST/AI/Lib\NetworkRuntime710_CM7_GCC.a(layers_nl_generic_float.o)
                0x00000000080069cc                nl_func_relu_generic_array_f32
 .text.forward_relu
                0x0000000008006abc      0x118 ../Middlewares/ST/AI/Lib\NetworkRuntime710_CM7_GCC.a(layers_nl_generic_float.o)
                0x0000000008006abc                forward_relu
 .text.forward_sm
                0x0000000008006bd4       0x5c ../Middlewares/ST/AI/Lib\NetworkRuntime710_CM7_GCC.a(layers_nl_generic_float.o)
                0x0000000008006bd4                forward_sm
 .text.forward_bn
                0x0000000008006c30      0x154 ../Middlewares/ST/AI/Lib\NetworkRuntime710_CM7_GCC.a(layers_norm_generic_float.o)
                0x0000000008006c30                forward_bn
 .text.ai_check_custom_types
                0x0000000008006d84       0x54 ../Middlewares/ST/AI/Lib\NetworkRuntime710_CM7_GCC.a(layers.o)
                0x0000000008006d84                ai_check_custom_types
 .text.ai_layers_init_all
                0x0000000008006dd8       0x28 ../Middlewares/ST/AI/Lib\NetworkRuntime710_CM7_GCC.a(layers.o)
                0x0000000008006dd8                ai_layers_init_all
 .text.ai_layers_post_init_all
                0x0000000008006e00       0x2c ../Middlewares/ST/AI/Lib\NetworkRuntime710_CM7_GCC.a(layers.o)
                0x0000000008006e00                ai_layers_post_init_all
 .text.ai_layers_forward_all
                0x0000000008006e2c       0x98 ../Middlewares/ST/AI/Lib\NetworkRuntime710_CM7_GCC.a(layers.o)
                0x0000000008006e2c                ai_layers_forward_all
 .text.ai_version_get
                0x0000000008006ec4        0xc ../Middlewares/ST/AI/Lib\NetworkRuntime710_CM7_GCC.a(ai_datatypes_internal.o)
                0x0000000008006ec4                ai_version_get
 .text.get_tensor_byte_size
                0x0000000008006ed0       0x30 ../Middlewares/ST/AI/Lib\NetworkRuntime710_CM7_GCC.a(ai_datatypes_internal.o)
                0x0000000008006ed0                get_tensor_byte_size
 .text.ai_array_to_buffer_fmt
                0x0000000008006f00       0xac ../Middlewares/ST/AI/Lib\NetworkRuntime710_CM7_GCC.a(ai_datatypes_format.o)
                0x0000000008006f00                ai_array_to_buffer_fmt
 .text.ai_array_get_byte_size
                0x0000000008006fac       0x54 ../Middlewares/ST/AI/Lib\NetworkRuntime710_CM7_GCC.a(ai_datatypes_format.o)
                0x0000000008006fac                ai_array_get_byte_size
 .text.ai_array_get_data_byte_size
                0x0000000008007000       0x20 ../Middlewares/ST/AI/Lib\NetworkRuntime710_CM7_GCC.a(ai_datatypes_format.o)
                0x0000000008007000                ai_array_get_data_byte_size
 .text.__errno  0x0000000008007020        0xc d:/st/stm32cubeide_1.9.0/stm32cubeide/plugins/com.st.stm32cube.ide.mcu.externaltools.gnu-tools-for-stm32.10.3-2021.10.win32_1.0.0.202111181127/tools/bin/../lib/gcc/arm-none-eabi/10.3.1/../../../../arm-none-eabi/lib/thumb/v7e-m+fp/hard\libc_nano.a(lib_a-errno.o)
                0x0000000008007020                __errno
 .text.__libc_init_array
                0x000000000800702c       0x48 d:/st/stm32cubeide_1.9.0/stm32cubeide/plugins/com.st.stm32cube.ide.mcu.externaltools.gnu-tools-for-stm32.10.3-2021.10.win32_1.0.0.202111181127/tools/bin/../lib/gcc/arm-none-eabi/10.3.1/../../../../arm-none-eabi/lib/thumb/v7e-m+fp/hard\libc_nano.a(lib_a-init.o)
                0x000000000800702c                __libc_init_array
 .text.memcpy   0x0000000008007074       0x1c d:/st/stm32cubeide_1.9.0/stm32cubeide/plugins/com.st.stm32cube.ide.mcu.externaltools.gnu-tools-for-stm32.10.3-2021.10.win32_1.0.0.202111181127/tools/bin/../lib/gcc/arm-none-eabi/10.3.1/../../../../arm-none-eabi/lib/thumb/v7e-m+fp/hard\libc_nano.a(lib_a-memcpy-stub.o)
                0x0000000008007074                memcpy
 .text.memset   0x0000000008007090       0x10 d:/st/stm32cubeide_1.9.0/stm32cubeide/plugins/com.st.stm32cube.ide.mcu.externaltools.gnu-tools-for-stm32.10.3-2021.10.win32_1.0.0.202111181127/tools/bin/../lib/gcc/arm-none-eabi/10.3.1/../../../../arm-none-eabi/lib/thumb/v7e-m+fp/hard\libc_nano.a(lib_a-memset.o)
                0x0000000008007090                memset
 .text.expf     0x00000000080070a0       0x6c d:/st/stm32cubeide_1.9.0/stm32cubeide/plugins/com.st.stm32cube.ide.mcu.externaltools.gnu-tools-for-stm32.10.3-2021.10.win32_1.0.0.202111181127/tools/bin/../lib/gcc/arm-none-eabi/10.3.1/../../../../arm-none-eabi/lib/thumb/v7e-m+fp/hard\libm.a(lib_a-wf_exp.o)
                0x00000000080070a0                expf
 .text.__ieee754_expf
                0x000000000800710c      0x19c d:/st/stm32cubeide_1.9.0/stm32cubeide/plugins/com.st.stm32cube.ide.mcu.externaltools.gnu-tools-for-stm32.10.3-2021.10.win32_1.0.0.202111181127/tools/bin/../lib/gcc/arm-none-eabi/10.3.1/../../../../arm-none-eabi/lib/thumb/v7e-m+fp/hard\libm.a(lib_a-ef_exp.o)
                0x000000000800710c                __ieee754_expf
 .text.with_errnof
                0x00000000080072a8       0x16 d:/st/stm32cubeide_1.9.0/stm32cubeide/plugins/com.st.stm32cube.ide.mcu.externaltools.gnu-tools-for-stm32.10.3-2021.10.win32_1.0.0.202111181127/tools/bin/../lib/gcc/arm-none-eabi/10.3.1/../../../../arm-none-eabi/lib/thumb/v7e-m+fp/hard\libm.a(lib_a-math_errf.o)
 .text.xflowf   0x00000000080072be       0x16 d:/st/stm32cubeide_1.9.0/stm32cubeide/plugins/com.st.stm32cube.ide.mcu.externaltools.gnu-tools-for-stm32.10.3-2021.10.win32_1.0.0.202111181127/tools/bin/../lib/gcc/arm-none-eabi/10.3.1/../../../../arm-none-eabi/lib/thumb/v7e-m+fp/hard\libm.a(lib_a-math_errf.o)
 .text.__math_uflowf
                0x00000000080072d4        0xc d:/st/stm32cubeide_1.9.0/stm32cubeide/plugins/com.st.stm32cube.ide.mcu.externaltools.gnu-tools-for-stm32.10.3-2021.10.win32_1.0.0.202111181127/tools/bin/../lib/gcc/arm-none-eabi/10.3.1/../../../../arm-none-eabi/lib/thumb/v7e-m+fp/hard\libm.a(lib_a-math_errf.o)
                0x00000000080072d4                __math_uflowf
 .text.__math_oflowf
                0x00000000080072e0        0xc d:/st/stm32cubeide_1.9.0/stm32cubeide/plugins/com.st.stm32cube.ide.mcu.externaltools.gnu-tools-for-stm32.10.3-2021.10.win32_1.0.0.202111181127/tools/bin/../lib/gcc/arm-none-eabi/10.3.1/../../../../arm-none-eabi/lib/thumb/v7e-m+fp/hard\libm.a(lib_a-math_errf.o)
                0x00000000080072e0                __math_oflowf
 .text.finitef  0x00000000080072ec       0x1a d:/st/stm32cubeide_1.9.0/stm32cubeide/plugins/com.st.stm32cube.ide.mcu.externaltools.gnu-tools-for-stm32.10.3-2021.10.win32_1.0.0.202111181127/tools/bin/../lib/gcc/arm-none-eabi/10.3.1/../../../../arm-none-eabi/lib/thumb/v7e-m+fp/hard\libm.a(lib_a-sf_finite.o)
                0x00000000080072ec                finitef
 *(.glue_7)
 .glue_7        0x0000000008007306        0x0 linker stubs
 *(.glue_7t)
 .glue_7t       0x0000000008007306        0x0 linker stubs
 *(.eh_frame)
 *fill*         0x0000000008007306        0x2 
 .eh_frame      0x0000000008007308        0x0 d:/st/stm32cubeide_1.9.0/stm32cubeide/plugins/com.st.stm32cube.ide.mcu.externaltools.gnu-tools-for-stm32.10.3-2021.10.win32_1.0.0.202111181127/tools/bin/../lib/gcc/arm-none-eabi/10.3.1/thumb/v7e-m+fp/hard/crtbegin.o
 *(.init)
 .init          0x0000000008007308        0x4 d:/st/stm32cubeide_1.9.0/stm32cubeide/plugins/com.st.stm32cube.ide.mcu.externaltools.gnu-tools-for-stm32.10.3-2021.10.win32_1.0.0.202111181127/tools/bin/../lib/gcc/arm-none-eabi/10.3.1/thumb/v7e-m+fp/hard/crti.o
                0x0000000008007308                _init
 .init          0x000000000800730c        0x8 d:/st/stm32cubeide_1.9.0/stm32cubeide/plugins/com.st.stm32cube.ide.mcu.externaltools.gnu-tools-for-stm32.10.3-2021.10.win32_1.0.0.202111181127/tools/bin/../lib/gcc/arm-none-eabi/10.3.1/thumb/v7e-m+fp/hard/crtn.o
 *(.fini)
 .fini          0x0000000008007314        0x4 d:/st/stm32cubeide_1.9.0/stm32cubeide/plugins/com.st.stm32cube.ide.mcu.externaltools.gnu-tools-for-stm32.10.3-2021.10.win32_1.0.0.202111181127/tools/bin/../lib/gcc/arm-none-eabi/10.3.1/thumb/v7e-m+fp/hard/crti.o
                0x0000000008007314                _fini
 .fini          0x0000000008007318        0x8 d:/st/stm32cubeide_1.9.0/stm32cubeide/plugins/com.st.stm32cube.ide.mcu.externaltools.gnu-tools-for-stm32.10.3-2021.10.win32_1.0.0.202111181127/tools/bin/../lib/gcc/arm-none-eabi/10.3.1/thumb/v7e-m+fp/hard/crtn.o
                0x0000000008007320                . = ALIGN (0x4)
                0x0000000008007320                _etext = .

.vfp11_veneer   0x0000000008007320        0x0
 .vfp11_veneer  0x0000000008007320        0x0 linker stubs

.v4_bx          0x0000000008007320        0x0
 .v4_bx         0x0000000008007320        0x0 linker stubs

.iplt           0x0000000008007320        0x0
 .iplt          0x0000000008007320        0x0 d:/st/stm32cubeide_1.9.0/stm32cubeide/plugins/com.st.stm32cube.ide.mcu.externaltools.gnu-tools-for-stm32.10.3-2021.10.win32_1.0.0.202111181127/tools/bin/../lib/gcc/arm-none-eabi/10.3.1/thumb/v7e-m+fp/hard/crtbegin.o

.rodata         0x0000000008007320    0x1b900
                0x0000000008007320                . = ALIGN (0x4)
 *(.rodata)
 .rodata        0x0000000008007320       0x30 ./X-CUBE-AI/App/all_data.o
 .rodata        0x0000000008007350       0x30 ./X-CUBE-AI/App/two_three_data.o
 .rodata        0x0000000008007380        0x4 ../Middlewares/ST/AI/Lib\NetworkRuntime710_CM7_GCC.a(layers.o)
 *(.rodata*)
 .rodata.AHBPrescTable
                0x0000000008007384       0x10 ./Core/Src/system_stm32f7xx.o
                0x0000000008007384                AHBPrescTable
 .rodata.nl_11_chain
                0x0000000008007394        0x8 ./X-CUBE-AI/App/all.o
 .rodata.dense_10_chain
                0x000000000800739c        0x8 ./X-CUBE-AI/App/all.o
 .rodata.nl_9_nl_chain
                0x00000000080073a4        0x8 ./X-CUBE-AI/App/all.o
 .rodata.dense_9_chain
                0x00000000080073ac        0x8 ./X-CUBE-AI/App/all.o
 .rodata.eltwise_7_chain
                0x00000000080073b4        0x8 ./X-CUBE-AI/App/all.o
 .rodata.conv2d_4_chain
                0x00000000080073bc        0x8 ./X-CUBE-AI/App/all.o
 .rodata.eltwise_3_chain
                0x00000000080073c4        0x8 ./X-CUBE-AI/App/all.o
 .rodata.conv2d_0_chain
                0x00000000080073cc        0x8 ./X-CUBE-AI/App/all.o
 *fill*         0x00000000080073d4        0xc 
 .rodata.s_all_all_weights_array_u64
                0x00000000080073e0    0x15e98 ./X-CUBE-AI/App/all_data.o
                0x00000000080073e0                s_all_all_weights_array_u64
 .rodata.nl_11_chain
                0x000000000801d278        0x8 ./X-CUBE-AI/App/two_three.o
 .rodata.dense_10_chain
                0x000000000801d280        0x8 ./X-CUBE-AI/App/two_three.o
 .rodata.nl_9_nl_chain
                0x000000000801d288        0x8 ./X-CUBE-AI/App/two_three.o
 .rodata.dense_9_chain
                0x000000000801d290        0x8 ./X-CUBE-AI/App/two_three.o
 .rodata.eltwise_7_chain
                0x000000000801d298        0x8 ./X-CUBE-AI/App/two_three.o
 .rodata.conv2d_4_chain
                0x000000000801d2a0        0x8 ./X-CUBE-AI/App/two_three.o
 .rodata.eltwise_3_chain
                0x000000000801d2a8        0x8 ./X-CUBE-AI/App/two_three.o
 .rodata.conv2d_0_chain
                0x000000000801d2b0        0x8 ./X-CUBE-AI/App/two_three.o
 *fill*         0x000000000801d2b8        0x8 
 .rodata.s_two_three_two_three_weights_array_u64
                0x000000000801d2c0     0x5948 ./X-CUBE-AI/App/two_three_data.o
                0x000000000801d2c0                s_two_three_two_three_weights_array_u64
 .rodata.halF   0x0000000008022c08        0x8 d:/st/stm32cubeide_1.9.0/stm32cubeide/plugins/com.st.stm32cube.ide.mcu.externaltools.gnu-tools-for-stm32.10.3-2021.10.win32_1.0.0.202111181127/tools/bin/../lib/gcc/arm-none-eabi/10.3.1/../../../../arm-none-eabi/lib/thumb/v7e-m+fp/hard\libm.a(lib_a-ef_exp.o)
 .rodata.ln2HI  0x0000000008022c10        0x8 d:/st/stm32cubeide_1.9.0/stm32cubeide/plugins/com.st.stm32cube.ide.mcu.externaltools.gnu-tools-for-stm32.10.3-2021.10.win32_1.0.0.202111181127/tools/bin/../lib/gcc/arm-none-eabi/10.3.1/../../../../arm-none-eabi/lib/thumb/v7e-m+fp/hard\libm.a(lib_a-ef_exp.o)
 .rodata.ln2LO  0x0000000008022c18        0x8 d:/st/stm32cubeide_1.9.0/stm32cubeide/plugins/com.st.stm32cube.ide.mcu.externaltools.gnu-tools-for-stm32.10.3-2021.10.win32_1.0.0.202111181127/tools/bin/../lib/gcc/arm-none-eabi/10.3.1/../../../../arm-none-eabi/lib/thumb/v7e-m+fp/hard\libm.a(lib_a-ef_exp.o)
                0x0000000008022c20                . = ALIGN (0x4)

.ARM.extab      0x0000000008022c20        0x0
                0x0000000008022c20                . = ALIGN (0x4)
 *(.ARM.extab* .gnu.linkonce.armextab.*)
                0x0000000008022c20                . = ALIGN (0x4)

.ARM            0x0000000008022c20        0x8
                0x0000000008022c20                . = ALIGN (0x4)
                0x0000000008022c20                __exidx_start = .
 *(.ARM.exidx*)
 .ARM.exidx     0x0000000008022c20        0x8 d:/st/stm32cubeide_1.9.0/stm32cubeide/plugins/com.st.stm32cube.ide.mcu.externaltools.gnu-tools-for-stm32.10.3-2021.10.win32_1.0.0.202111181127/tools/bin/../lib/gcc/arm-none-eabi/10.3.1/thumb/v7e-m+fp/hard\libgcc.a(_udivmoddi4.o)
                0x0000000008022c28                __exidx_end = .
                0x0000000008022c28                . = ALIGN (0x4)

.rel.dyn        0x0000000008022c28        0x0
 .rel.iplt      0x0000000008022c28        0x0 d:/st/stm32cubeide_1.9.0/stm32cubeide/plugins/com.st.stm32cube.ide.mcu.externaltools.gnu-tools-for-stm32.10.3-2021.10.win32_1.0.0.202111181127/tools/bin/../lib/gcc/arm-none-eabi/10.3.1/thumb/v7e-m+fp/hard/crtbegin.o

.preinit_array  0x0000000008022c28        0x0
                0x0000000008022c28                . = ALIGN (0x4)
                0x0000000008022c28                PROVIDE (__preinit_array_start = .)
 *(.preinit_array*)
                0x0000000008022c28                PROVIDE (__preinit_array_end = .)
                0x0000000008022c28                . = ALIGN (0x4)

.init_array     0x0000000008022c28        0x4
                0x0000000008022c28                . = ALIGN (0x4)
                0x0000000008022c28                PROVIDE (__init_array_start = .)
 *(SORT_BY_NAME(.init_array.*))
 *(.init_array*)
 .init_array    0x0000000008022c28        0x4 d:/st/stm32cubeide_1.9.0/stm32cubeide/plugins/com.st.stm32cube.ide.mcu.externaltools.gnu-tools-for-stm32.10.3-2021.10.win32_1.0.0.202111181127/tools/bin/../lib/gcc/arm-none-eabi/10.3.1/thumb/v7e-m+fp/hard/crtbegin.o
                0x0000000008022c2c                PROVIDE (__init_array_end = .)
                0x0000000008022c2c                . = ALIGN (0x4)

.fini_array     0x0000000008022c2c        0x4
                0x0000000008022c2c                . = ALIGN (0x4)
                [!provide]                        PROVIDE (__fini_array_start = .)
 *(SORT_BY_NAME(.fini_array.*))
 *(.fini_array*)
 .fini_array    0x0000000008022c2c        0x4 d:/st/stm32cubeide_1.9.0/stm32cubeide/plugins/com.st.stm32cube.ide.mcu.externaltools.gnu-tools-for-stm32.10.3-2021.10.win32_1.0.0.202111181127/tools/bin/../lib/gcc/arm-none-eabi/10.3.1/thumb/v7e-m+fp/hard/crtbegin.o
                [!provide]                        PROVIDE (__fini_array_end = .)
                0x0000000008022c30                . = ALIGN (0x4)
                0x0000000008022c30                _sidata = LOADADDR (.data)

.data           0x0000000020000000     0x2e00 load address 0x0000000008022c30
                0x0000000020000000                . = ALIGN (0x4)
                0x0000000020000000                _sdata = .
 *(.data)
 *(.data*)
 .data.temp     0x0000000020000000     0x15c0 ./Core/Src/main.o
                0x0000000020000000                temp
 .data.SystemCoreClock
                0x00000000200015c0        0x4 ./Core/Src/system_stm32f7xx.o
                0x00000000200015c0                SystemCoreClock
 .data.uwTickPrio
                0x00000000200015c4        0x4 ./Drivers/STM32F7xx_HAL_Driver/Src/stm32f7xx_hal.o
                0x00000000200015c4                uwTickPrio
 .data.uwTickFreq
                0x00000000200015c8        0x1 ./Drivers/STM32F7xx_HAL_Driver/Src/stm32f7xx_hal.o
                0x00000000200015c8                uwTickFreq
 *fill*         0x00000000200015c9        0x3 
 .data.serving_default_conv2d_10_input0_output_array
                0x00000000200015cc       0x10 ./X-CUBE-AI/App/all.o
 .data.conv2d_0_output_array
                0x00000000200015dc       0x10 ./X-CUBE-AI/App/all.o
 .data.eltwise_3_output_array
                0x00000000200015ec       0x10 ./X-CUBE-AI/App/all.o
 .data.conv2d_4_output_array
                0x00000000200015fc       0x10 ./X-CUBE-AI/App/all.o
 .data.eltwise_7_output_array
                0x000000002000160c       0x10 ./X-CUBE-AI/App/all.o
 .data.dense_9_output_array
                0x000000002000161c       0x10 ./X-CUBE-AI/App/all.o
 .data.nl_9_nl_output_array
                0x000000002000162c       0x10 ./X-CUBE-AI/App/all.o
 .data.dense_10_output_array
                0x000000002000163c       0x10 ./X-CUBE-AI/App/all.o
 .data.nl_11_output_array
                0x000000002000164c       0x10 ./X-CUBE-AI/App/all.o
 .data.conv2d_0_weights_array
                0x000000002000165c       0x10 ./X-CUBE-AI/App/all.o
 .data.conv2d_0_bias_array
                0x000000002000166c       0x10 ./X-CUBE-AI/App/all.o
 .data.eltwise_3_scale_array
                0x000000002000167c       0x10 ./X-CUBE-AI/App/all.o
 .data.eltwise_3_bias_array
                0x000000002000168c       0x10 ./X-CUBE-AI/App/all.o
 .data.conv2d_4_weights_array
                0x000000002000169c       0x10 ./X-CUBE-AI/App/all.o
 .data.conv2d_4_bias_array
                0x00000000200016ac       0x10 ./X-CUBE-AI/App/all.o
 .data.eltwise_7_scale_array
                0x00000000200016bc       0x10 ./X-CUBE-AI/App/all.o
 .data.eltwise_7_bias_array
                0x00000000200016cc       0x10 ./X-CUBE-AI/App/all.o
 .data.dense_9_weights_array
                0x00000000200016dc       0x10 ./X-CUBE-AI/App/all.o
 .data.dense_9_bias_array
                0x00000000200016ec       0x10 ./X-CUBE-AI/App/all.o
 .data.dense_10_weights_array
                0x00000000200016fc       0x10 ./X-CUBE-AI/App/all.o
 .data.dense_10_bias_array
                0x000000002000170c       0x10 ./X-CUBE-AI/App/all.o
 .data.conv2d_0_scratch0_array
                0x000000002000171c       0x10 ./X-CUBE-AI/App/all.o
 .data.conv2d_4_scratch0_array
                0x000000002000172c       0x10 ./X-CUBE-AI/App/all.o
 .data.__compound_literal.0
                0x000000002000173c       0x10 ./X-CUBE-AI/App/all.o
 .data.__compound_literal.1
                0x000000002000174c       0x10 ./X-CUBE-AI/App/all.o
 .data.serving_default_conv2d_10_input0_output
                0x000000002000175c       0x1c ./X-CUBE-AI/App/all.o
 .data.__compound_literal.2
                0x0000000020001778       0x10 ./X-CUBE-AI/App/all.o
 .data.__compound_literal.3
                0x0000000020001788       0x10 ./X-CUBE-AI/App/all.o
 .data.conv2d_0_output
                0x0000000020001798       0x1c ./X-CUBE-AI/App/all.o
 .data.__compound_literal.4
                0x00000000200017b4       0x10 ./X-CUBE-AI/App/all.o
 .data.__compound_literal.5
                0x00000000200017c4       0x10 ./X-CUBE-AI/App/all.o
 .data.eltwise_3_output
                0x00000000200017d4       0x1c ./X-CUBE-AI/App/all.o
 .data.__compound_literal.6
                0x00000000200017f0       0x10 ./X-CUBE-AI/App/all.o
 .data.__compound_literal.7
                0x0000000020001800       0x10 ./X-CUBE-AI/App/all.o
 .data.conv2d_4_output
                0x0000000020001810       0x1c ./X-CUBE-AI/App/all.o
 .data.__compound_literal.8
                0x000000002000182c       0x10 ./X-CUBE-AI/App/all.o
 .data.__compound_literal.9
                0x000000002000183c       0x10 ./X-CUBE-AI/App/all.o
 .data.eltwise_7_output
                0x000000002000184c       0x1c ./X-CUBE-AI/App/all.o
 .data.__compound_literal.10
                0x0000000020001868       0x10 ./X-CUBE-AI/App/all.o
 .data.__compound_literal.11
                0x0000000020001878       0x10 ./X-CUBE-AI/App/all.o
 .data.eltwise_7_output0
                0x0000000020001888       0x1c ./X-CUBE-AI/App/all.o
 .data.__compound_literal.12
                0x00000000200018a4       0x10 ./X-CUBE-AI/App/all.o
 .data.__compound_literal.13
                0x00000000200018b4       0x10 ./X-CUBE-AI/App/all.o
 .data.dense_9_output
                0x00000000200018c4       0x1c ./X-CUBE-AI/App/all.o
 .data.__compound_literal.14
                0x00000000200018e0       0x10 ./X-CUBE-AI/App/all.o
 .data.__compound_literal.15
                0x00000000200018f0       0x10 ./X-CUBE-AI/App/all.o
 .data.nl_9_nl_output
                0x0000000020001900       0x1c ./X-CUBE-AI/App/all.o
 .data.__compound_literal.16
                0x000000002000191c       0x10 ./X-CUBE-AI/App/all.o
 .data.__compound_literal.17
                0x000000002000192c       0x10 ./X-CUBE-AI/App/all.o
 .data.dense_10_output
                0x000000002000193c       0x1c ./X-CUBE-AI/App/all.o
 .data.__compound_literal.18
                0x0000000020001958       0x10 ./X-CUBE-AI/App/all.o
 .data.__compound_literal.19
                0x0000000020001968       0x10 ./X-CUBE-AI/App/all.o
 .data.nl_11_output
                0x0000000020001978       0x1c ./X-CUBE-AI/App/all.o
 .data.__compound_literal.20
                0x0000000020001994       0x10 ./X-CUBE-AI/App/all.o
 .data.__compound_literal.21
                0x00000000200019a4       0x10 ./X-CUBE-AI/App/all.o
 .data.conv2d_0_weights
                0x00000000200019b4       0x1c ./X-CUBE-AI/App/all.o
 .data.__compound_literal.22
                0x00000000200019d0       0x10 ./X-CUBE-AI/App/all.o
 .data.__compound_literal.23
                0x00000000200019e0       0x10 ./X-CUBE-AI/App/all.o
 .data.conv2d_0_bias
                0x00000000200019f0       0x1c ./X-CUBE-AI/App/all.o
 .data.__compound_literal.24
                0x0000000020001a0c       0x10 ./X-CUBE-AI/App/all.o
 .data.__compound_literal.25
                0x0000000020001a1c       0x10 ./X-CUBE-AI/App/all.o
 .data.eltwise_3_scale
                0x0000000020001a2c       0x1c ./X-CUBE-AI/App/all.o
 .data.__compound_literal.26
                0x0000000020001a48       0x10 ./X-CUBE-AI/App/all.o
 .data.__compound_literal.27
                0x0000000020001a58       0x10 ./X-CUBE-AI/App/all.o
 .data.eltwise_3_bias
                0x0000000020001a68       0x1c ./X-CUBE-AI/App/all.o
 .data.__compound_literal.28
                0x0000000020001a84       0x10 ./X-CUBE-AI/App/all.o
 .data.__compound_literal.29
                0x0000000020001a94       0x10 ./X-CUBE-AI/App/all.o
 .data.conv2d_4_weights
                0x0000000020001aa4       0x1c ./X-CUBE-AI/App/all.o
 .data.__compound_literal.30
                0x0000000020001ac0       0x10 ./X-CUBE-AI/App/all.o
 .data.__compound_literal.31
                0x0000000020001ad0       0x10 ./X-CUBE-AI/App/all.o
 .data.conv2d_4_bias
                0x0000000020001ae0       0x1c ./X-CUBE-AI/App/all.o
 .data.__compound_literal.32
                0x0000000020001afc       0x10 ./X-CUBE-AI/App/all.o
 .data.__compound_literal.33
                0x0000000020001b0c       0x10 ./X-CUBE-AI/App/all.o
 .data.eltwise_7_scale
                0x0000000020001b1c       0x1c ./X-CUBE-AI/App/all.o
 .data.__compound_literal.34
                0x0000000020001b38       0x10 ./X-CUBE-AI/App/all.o
 .data.__compound_literal.35
                0x0000000020001b48       0x10 ./X-CUBE-AI/App/all.o
 .data.eltwise_7_bias
                0x0000000020001b58       0x1c ./X-CUBE-AI/App/all.o
 .data.__compound_literal.36
                0x0000000020001b74       0x10 ./X-CUBE-AI/App/all.o
 .data.__compound_literal.37
                0x0000000020001b84       0x10 ./X-CUBE-AI/App/all.o
 .data.dense_9_weights
                0x0000000020001b94       0x1c ./X-CUBE-AI/App/all.o
 .data.__compound_literal.38
                0x0000000020001bb0       0x10 ./X-CUBE-AI/App/all.o
 .data.__compound_literal.39
                0x0000000020001bc0       0x10 ./X-CUBE-AI/App/all.o
 .data.dense_9_bias
                0x0000000020001bd0       0x1c ./X-CUBE-AI/App/all.o
 .data.__compound_literal.40
                0x0000000020001bec       0x10 ./X-CUBE-AI/App/all.o
 .data.__compound_literal.41
                0x0000000020001bfc       0x10 ./X-CUBE-AI/App/all.o
 .data.dense_10_weights
                0x0000000020001c0c       0x1c ./X-CUBE-AI/App/all.o
 .data.__compound_literal.42
                0x0000000020001c28       0x10 ./X-CUBE-AI/App/all.o
 .data.__compound_literal.43
                0x0000000020001c38       0x10 ./X-CUBE-AI/App/all.o
 .data.dense_10_bias
                0x0000000020001c48       0x1c ./X-CUBE-AI/App/all.o
 .data.__compound_literal.44
                0x0000000020001c64       0x10 ./X-CUBE-AI/App/all.o
 .data.__compound_literal.45
                0x0000000020001c74       0x10 ./X-CUBE-AI/App/all.o
 .data.conv2d_0_scratch0
                0x0000000020001c84       0x1c ./X-CUBE-AI/App/all.o
 .data.__compound_literal.46
                0x0000000020001ca0       0x10 ./X-CUBE-AI/App/all.o
 .data.__compound_literal.47
                0x0000000020001cb0       0x10 ./X-CUBE-AI/App/all.o
 .data.conv2d_4_scratch0
                0x0000000020001cc0       0x1c ./X-CUBE-AI/App/all.o
 .data.__compound_literal.48
                0x0000000020001cdc        0x4 ./X-CUBE-AI/App/all.o
 .data.__compound_literal.49
                0x0000000020001ce0        0x4 ./X-CUBE-AI/App/all.o
 .data.__compound_literal.52
                0x0000000020001ce4       0x30 ./X-CUBE-AI/App/all.o
 .data.nl_11_layer
                0x0000000020001d14       0x20 ./X-CUBE-AI/App/all.o
 .data.__compound_literal.53
                0x0000000020001d34        0x4 ./X-CUBE-AI/App/all.o
 .data.__compound_literal.54
                0x0000000020001d38        0x4 ./X-CUBE-AI/App/all.o
 .data.__compound_literal.55
                0x0000000020001d3c        0x8 ./X-CUBE-AI/App/all.o
 .data.__compound_literal.57
                0x0000000020001d44       0x30 ./X-CUBE-AI/App/all.o
 .data.dense_10_layer
                0x0000000020001d74       0x1c ./X-CUBE-AI/App/all.o
 .data.__compound_literal.58
                0x0000000020001d90        0x4 ./X-CUBE-AI/App/all.o
 .data.__compound_literal.59
                0x0000000020001d94        0x4 ./X-CUBE-AI/App/all.o
 .data.__compound_literal.62
                0x0000000020001d98       0x30 ./X-CUBE-AI/App/all.o
 .data.nl_9_nl_layer
                0x0000000020001dc8       0x20 ./X-CUBE-AI/App/all.o
 .data.__compound_literal.63
                0x0000000020001de8        0x4 ./X-CUBE-AI/App/all.o
 .data.__compound_literal.64
                0x0000000020001dec        0x4 ./X-CUBE-AI/App/all.o
 .data.__compound_literal.65
                0x0000000020001df0        0x8 ./X-CUBE-AI/App/all.o
 .data.__compound_literal.67
                0x0000000020001df8       0x30 ./X-CUBE-AI/App/all.o
 .data.dense_9_layer
                0x0000000020001e28       0x1c ./X-CUBE-AI/App/all.o
 .data.__compound_literal.68
                0x0000000020001e44        0x4 ./X-CUBE-AI/App/all.o
 .data.__compound_literal.69
                0x0000000020001e48        0x4 ./X-CUBE-AI/App/all.o
 .data.__compound_literal.70
                0x0000000020001e4c        0x8 ./X-CUBE-AI/App/all.o
 .data.__compound_literal.72
                0x0000000020001e54       0x30 ./X-CUBE-AI/App/all.o
 .data.eltwise_7_layer
                0x0000000020001e84       0x1c ./X-CUBE-AI/App/all.o
 .data.__compound_literal.73
                0x0000000020001ea0        0x4 ./X-CUBE-AI/App/all.o
 .data.__compound_literal.74
                0x0000000020001ea4        0x4 ./X-CUBE-AI/App/all.o
 .data.__compound_literal.75
                0x0000000020001ea8        0xc ./X-CUBE-AI/App/all.o
 .data.__compound_literal.76
                0x0000000020001eb4        0x4 ./X-CUBE-AI/App/all.o
 .data.__compound_literal.77
                0x0000000020001eb8       0x30 ./X-CUBE-AI/App/all.o
 .data.__compound_literal.78
                0x0000000020001ee8       0x10 ./X-CUBE-AI/App/all.o
 .data.__compound_literal.79
                0x0000000020001ef8       0x10 ./X-CUBE-AI/App/all.o
 .data.conv2d_4_layer
                0x0000000020001f08       0x5c ./X-CUBE-AI/App/all.o
 .data.__compound_literal.80
                0x0000000020001f64        0x4 ./X-CUBE-AI/App/all.o
 .data.__compound_literal.81
                0x0000000020001f68        0x4 ./X-CUBE-AI/App/all.o
 .data.__compound_literal.82
                0x0000000020001f6c        0x8 ./X-CUBE-AI/App/all.o
 .data.__compound_literal.84
                0x0000000020001f74       0x30 ./X-CUBE-AI/App/all.o
 .data.eltwise_3_layer
                0x0000000020001fa4       0x1c ./X-CUBE-AI/App/all.o
 .data.__compound_literal.85
                0x0000000020001fc0        0x4 ./X-CUBE-AI/App/all.o
 .data.__compound_literal.86
                0x0000000020001fc4        0x4 ./X-CUBE-AI/App/all.o
 .data.__compound_literal.87
                0x0000000020001fc8        0xc ./X-CUBE-AI/App/all.o
 .data.__compound_literal.88
                0x0000000020001fd4        0x4 ./X-CUBE-AI/App/all.o
 .data.__compound_literal.89
                0x0000000020001fd8       0x30 ./X-CUBE-AI/App/all.o
 .data.__compound_literal.90
                0x0000000020002008       0x10 ./X-CUBE-AI/App/all.o
 .data.__compound_literal.91
                0x0000000020002018       0x10 ./X-CUBE-AI/App/all.o
 .data.conv2d_0_layer
                0x0000000020002028       0x5c ./X-CUBE-AI/App/all.o
 .data.__compound_literal.92
                0x0000000020002084       0x10 ./X-CUBE-AI/App/all.o
 .data.__compound_literal.93
                0x0000000020002094       0x1c ./X-CUBE-AI/App/all.o
 .data.__compound_literal.94
                0x00000000200020b0       0x10 ./X-CUBE-AI/App/all.o
 .data.__compound_literal.95
                0x00000000200020c0       0x1c ./X-CUBE-AI/App/all.o
 .data.__compound_literal.96
                0x00000000200020dc        0x4 ./X-CUBE-AI/App/all.o
 .data.__compound_literal.100
                0x00000000200020e0        0xc ./X-CUBE-AI/App/all.o
 .data.__compound_literal.101
                0x00000000200020ec        0x4 ./X-CUBE-AI/App/all.o
 .data.__compound_literal.105
                0x00000000200020f0        0xc ./X-CUBE-AI/App/all.o
 .data.__compound_literal.106
                0x00000000200020fc       0x18 ./X-CUBE-AI/App/all.o
 .data.g_all    0x0000000020002114       0x48 ./X-CUBE-AI/App/all.o
 .data.__compound_literal.0
                0x000000002000215c       0x10 ./X-CUBE-AI/App/all_data.o
 .data.g_all_data_map_activations
                0x000000002000216c       0x1c ./X-CUBE-AI/App/all_data.o
                0x000000002000216c                g_all_data_map_activations
 .data.__compound_literal.1
                0x0000000020002188       0x10 ./X-CUBE-AI/App/all_data.o
 .data.g_all_data_map_weights
                0x0000000020002198       0x1c ./X-CUBE-AI/App/all_data.o
                0x0000000020002198                g_all_data_map_weights
 .data.serving_default_conv2d_4_input0_output_array
                0x00000000200021b4       0x10 ./X-CUBE-AI/App/two_three.o
 .data.conv2d_0_output_array
                0x00000000200021c4       0x10 ./X-CUBE-AI/App/two_three.o
 .data.eltwise_3_output_array
                0x00000000200021d4       0x10 ./X-CUBE-AI/App/two_three.o
 .data.conv2d_4_output_array
                0x00000000200021e4       0x10 ./X-CUBE-AI/App/two_three.o
 .data.eltwise_7_output_array
                0x00000000200021f4       0x10 ./X-CUBE-AI/App/two_three.o
 .data.dense_9_output_array
                0x0000000020002204       0x10 ./X-CUBE-AI/App/two_three.o
 .data.nl_9_nl_output_array
                0x0000000020002214       0x10 ./X-CUBE-AI/App/two_three.o
 .data.dense_10_output_array
                0x0000000020002224       0x10 ./X-CUBE-AI/App/two_three.o
 .data.nl_11_output_array
                0x0000000020002234       0x10 ./X-CUBE-AI/App/two_three.o
 .data.conv2d_0_weights_array
                0x0000000020002244       0x10 ./X-CUBE-AI/App/two_three.o
 .data.conv2d_0_bias_array
                0x0000000020002254       0x10 ./X-CUBE-AI/App/two_three.o
 .data.eltwise_3_scale_array
                0x0000000020002264       0x10 ./X-CUBE-AI/App/two_three.o
 .data.eltwise_3_bias_array
                0x0000000020002274       0x10 ./X-CUBE-AI/App/two_three.o
 .data.conv2d_4_weights_array
                0x0000000020002284       0x10 ./X-CUBE-AI/App/two_three.o
 .data.conv2d_4_bias_array
                0x0000000020002294       0x10 ./X-CUBE-AI/App/two_three.o
 .data.eltwise_7_scale_array
                0x00000000200022a4       0x10 ./X-CUBE-AI/App/two_three.o
 .data.eltwise_7_bias_array
                0x00000000200022b4       0x10 ./X-CUBE-AI/App/two_three.o
 .data.dense_9_weights_array
                0x00000000200022c4       0x10 ./X-CUBE-AI/App/two_three.o
 .data.dense_9_bias_array
                0x00000000200022d4       0x10 ./X-CUBE-AI/App/two_three.o
 .data.dense_10_weights_array
                0x00000000200022e4       0x10 ./X-CUBE-AI/App/two_three.o
 .data.dense_10_bias_array
                0x00000000200022f4       0x10 ./X-CUBE-AI/App/two_three.o
 .data.conv2d_0_scratch0_array
                0x0000000020002304       0x10 ./X-CUBE-AI/App/two_three.o
 .data.conv2d_4_scratch0_array
                0x0000000020002314       0x10 ./X-CUBE-AI/App/two_three.o
 .data.__compound_literal.0
                0x0000000020002324       0x10 ./X-CUBE-AI/App/two_three.o
 .data.__compound_literal.1
                0x0000000020002334       0x10 ./X-CUBE-AI/App/two_three.o
 .data.serving_default_conv2d_4_input0_output
                0x0000000020002344       0x1c ./X-CUBE-AI/App/two_three.o
 .data.__compound_literal.2
                0x0000000020002360       0x10 ./X-CUBE-AI/App/two_three.o
 .data.__compound_literal.3
                0x0000000020002370       0x10 ./X-CUBE-AI/App/two_three.o
 .data.conv2d_0_output
                0x0000000020002380       0x1c ./X-CUBE-AI/App/two_three.o
 .data.__compound_literal.4
                0x000000002000239c       0x10 ./X-CUBE-AI/App/two_three.o
 .data.__compound_literal.5
                0x00000000200023ac       0x10 ./X-CUBE-AI/App/two_three.o
 .data.eltwise_3_output
                0x00000000200023bc       0x1c ./X-CUBE-AI/App/two_three.o
 .data.__compound_literal.6
                0x00000000200023d8       0x10 ./X-CUBE-AI/App/two_three.o
 .data.__compound_literal.7
                0x00000000200023e8       0x10 ./X-CUBE-AI/App/two_three.o
 .data.conv2d_4_output
                0x00000000200023f8       0x1c ./X-CUBE-AI/App/two_three.o
 .data.__compound_literal.8
                0x0000000020002414       0x10 ./X-CUBE-AI/App/two_three.o
 .data.__compound_literal.9
                0x0000000020002424       0x10 ./X-CUBE-AI/App/two_three.o
 .data.eltwise_7_output
                0x0000000020002434       0x1c ./X-CUBE-AI/App/two_three.o
 .data.__compound_literal.10
                0x0000000020002450       0x10 ./X-CUBE-AI/App/two_three.o
 .data.__compound_literal.11
                0x0000000020002460       0x10 ./X-CUBE-AI/App/two_three.o
 .data.eltwise_7_output0
                0x0000000020002470       0x1c ./X-CUBE-AI/App/two_three.o
 .data.__compound_literal.12
                0x000000002000248c       0x10 ./X-CUBE-AI/App/two_three.o
 .data.__compound_literal.13
                0x000000002000249c       0x10 ./X-CUBE-AI/App/two_three.o
 .data.dense_9_output
                0x00000000200024ac       0x1c ./X-CUBE-AI/App/two_three.o
 .data.__compound_literal.14
                0x00000000200024c8       0x10 ./X-CUBE-AI/App/two_three.o
 .data.__compound_literal.15
                0x00000000200024d8       0x10 ./X-CUBE-AI/App/two_three.o
 .data.nl_9_nl_output
                0x00000000200024e8       0x1c ./X-CUBE-AI/App/two_three.o
 .data.__compound_literal.16
                0x0000000020002504       0x10 ./X-CUBE-AI/App/two_three.o
 .data.__compound_literal.17
                0x0000000020002514       0x10 ./X-CUBE-AI/App/two_three.o
 .data.dense_10_output
                0x0000000020002524       0x1c ./X-CUBE-AI/App/two_three.o
 .data.__compound_literal.18
                0x0000000020002540       0x10 ./X-CUBE-AI/App/two_three.o
 .data.__compound_literal.19
                0x0000000020002550       0x10 ./X-CUBE-AI/App/two_three.o
 .data.nl_11_output
                0x0000000020002560       0x1c ./X-CUBE-AI/App/two_three.o
 .data.__compound_literal.20
                0x000000002000257c       0x10 ./X-CUBE-AI/App/two_three.o
 .data.__compound_literal.21
                0x000000002000258c       0x10 ./X-CUBE-AI/App/two_three.o
 .data.conv2d_0_weights
                0x000000002000259c       0x1c ./X-CUBE-AI/App/two_three.o
 .data.__compound_literal.22
                0x00000000200025b8       0x10 ./X-CUBE-AI/App/two_three.o
 .data.__compound_literal.23
                0x00000000200025c8       0x10 ./X-CUBE-AI/App/two_three.o
 .data.conv2d_0_bias
                0x00000000200025d8       0x1c ./X-CUBE-AI/App/two_three.o
 .data.__compound_literal.24
                0x00000000200025f4       0x10 ./X-CUBE-AI/App/two_three.o
 .data.__compound_literal.25
                0x0000000020002604       0x10 ./X-CUBE-AI/App/two_three.o
 .data.eltwise_3_scale
                0x0000000020002614       0x1c ./X-CUBE-AI/App/two_three.o
 .data.__compound_literal.26
                0x0000000020002630       0x10 ./X-CUBE-AI/App/two_three.o
 .data.__compound_literal.27
                0x0000000020002640       0x10 ./X-CUBE-AI/App/two_three.o
 .data.eltwise_3_bias
                0x0000000020002650       0x1c ./X-CUBE-AI/App/two_three.o
 .data.__compound_literal.28
                0x000000002000266c       0x10 ./X-CUBE-AI/App/two_three.o
 .data.__compound_literal.29
                0x000000002000267c       0x10 ./X-CUBE-AI/App/two_three.o
 .data.conv2d_4_weights
                0x000000002000268c       0x1c ./X-CUBE-AI/App/two_three.o
 .data.__compound_literal.30
                0x00000000200026a8       0x10 ./X-CUBE-AI/App/two_three.o
 .data.__compound_literal.31
                0x00000000200026b8       0x10 ./X-CUBE-AI/App/two_three.o
 .data.conv2d_4_bias
                0x00000000200026c8       0x1c ./X-CUBE-AI/App/two_three.o
 .data.__compound_literal.32
                0x00000000200026e4       0x10 ./X-CUBE-AI/App/two_three.o
 .data.__compound_literal.33
                0x00000000200026f4       0x10 ./X-CUBE-AI/App/two_three.o
 .data.eltwise_7_scale
                0x0000000020002704       0x1c ./X-CUBE-AI/App/two_three.o
 .data.__compound_literal.34
                0x0000000020002720       0x10 ./X-CUBE-AI/App/two_three.o
 .data.__compound_literal.35
                0x0000000020002730       0x10 ./X-CUBE-AI/App/two_three.o
 .data.eltwise_7_bias
                0x0000000020002740       0x1c ./X-CUBE-AI/App/two_three.o
 .data.__compound_literal.36
                0x000000002000275c       0x10 ./X-CUBE-AI/App/two_three.o
 .data.__compound_literal.37
                0x000000002000276c       0x10 ./X-CUBE-AI/App/two_three.o
 .data.dense_9_weights
                0x000000002000277c       0x1c ./X-CUBE-AI/App/two_three.o
 .data.__compound_literal.38
                0x0000000020002798       0x10 ./X-CUBE-AI/App/two_three.o
 .data.__compound_literal.39
                0x00000000200027a8       0x10 ./X-CUBE-AI/App/two_three.o
 .data.dense_9_bias
                0x00000000200027b8       0x1c ./X-CUBE-AI/App/two_three.o
 .data.__compound_literal.40
                0x00000000200027d4       0x10 ./X-CUBE-AI/App/two_three.o
 .data.__compound_literal.41
                0x00000000200027e4       0x10 ./X-CUBE-AI/App/two_three.o
 .data.dense_10_weights
                0x00000000200027f4       0x1c ./X-CUBE-AI/App/two_three.o
 .data.__compound_literal.42
                0x0000000020002810       0x10 ./X-CUBE-AI/App/two_three.o
 .data.__compound_literal.43
                0x0000000020002820       0x10 ./X-CUBE-AI/App/two_three.o
 .data.dense_10_bias
                0x0000000020002830       0x1c ./X-CUBE-AI/App/two_three.o
 .data.__compound_literal.44
                0x000000002000284c       0x10 ./X-CUBE-AI/App/two_three.o
 .data.__compound_literal.45
                0x000000002000285c       0x10 ./X-CUBE-AI/App/two_three.o
 .data.conv2d_0_scratch0
                0x000000002000286c       0x1c ./X-CUBE-AI/App/two_three.o
 .data.__compound_literal.46
                0x0000000020002888       0x10 ./X-CUBE-AI/App/two_three.o
 .data.__compound_literal.47
                0x0000000020002898       0x10 ./X-CUBE-AI/App/two_three.o
 .data.conv2d_4_scratch0
                0x00000000200028a8       0x1c ./X-CUBE-AI/App/two_three.o
 .data.__compound_literal.48
                0x00000000200028c4        0x4 ./X-CUBE-AI/App/two_three.o
 .data.__compound_literal.49
                0x00000000200028c8        0x4 ./X-CUBE-AI/App/two_three.o
 .data.__compound_literal.52
                0x00000000200028cc       0x30 ./X-CUBE-AI/App/two_three.o
 .data.nl_11_layer
                0x00000000200028fc       0x20 ./X-CUBE-AI/App/two_three.o
 .data.__compound_literal.53
                0x000000002000291c        0x4 ./X-CUBE-AI/App/two_three.o
 .data.__compound_literal.54
                0x0000000020002920        0x4 ./X-CUBE-AI/App/two_three.o
 .data.__compound_literal.55
                0x0000000020002924        0x8 ./X-CUBE-AI/App/two_three.o
 .data.__compound_literal.57
                0x000000002000292c       0x30 ./X-CUBE-AI/App/two_three.o
 .data.dense_10_layer
                0x000000002000295c       0x1c ./X-CUBE-AI/App/two_three.o
 .data.__compound_literal.58
                0x0000000020002978        0x4 ./X-CUBE-AI/App/two_three.o
 .data.__compound_literal.59
                0x000000002000297c        0x4 ./X-CUBE-AI/App/two_three.o
 .data.__compound_literal.62
                0x0000000020002980       0x30 ./X-CUBE-AI/App/two_three.o
 .data.nl_9_nl_layer
                0x00000000200029b0       0x20 ./X-CUBE-AI/App/two_three.o
 .data.__compound_literal.63
                0x00000000200029d0        0x4 ./X-CUBE-AI/App/two_three.o
 .data.__compound_literal.64
                0x00000000200029d4        0x4 ./X-CUBE-AI/App/two_three.o
 .data.__compound_literal.65
                0x00000000200029d8        0x8 ./X-CUBE-AI/App/two_three.o
 .data.__compound_literal.67
                0x00000000200029e0       0x30 ./X-CUBE-AI/App/two_three.o
 .data.dense_9_layer
                0x0000000020002a10       0x1c ./X-CUBE-AI/App/two_three.o
 .data.__compound_literal.68
                0x0000000020002a2c        0x4 ./X-CUBE-AI/App/two_three.o
 .data.__compound_literal.69
                0x0000000020002a30        0x4 ./X-CUBE-AI/App/two_three.o
 .data.__compound_literal.70
                0x0000000020002a34        0x8 ./X-CUBE-AI/App/two_three.o
 .data.__compound_literal.72
                0x0000000020002a3c       0x30 ./X-CUBE-AI/App/two_three.o
 .data.eltwise_7_layer
                0x0000000020002a6c       0x1c ./X-CUBE-AI/App/two_three.o
 .data.__compound_literal.73
                0x0000000020002a88        0x4 ./X-CUBE-AI/App/two_three.o
 .data.__compound_literal.74
                0x0000000020002a8c        0x4 ./X-CUBE-AI/App/two_three.o
 .data.__compound_literal.75
                0x0000000020002a90        0xc ./X-CUBE-AI/App/two_three.o
 .data.__compound_literal.76
                0x0000000020002a9c        0x4 ./X-CUBE-AI/App/two_three.o
 .data.__compound_literal.77
                0x0000000020002aa0       0x30 ./X-CUBE-AI/App/two_three.o
 .data.__compound_literal.78
                0x0000000020002ad0       0x10 ./X-CUBE-AI/App/two_three.o
 .data.__compound_literal.79
                0x0000000020002ae0       0x10 ./X-CUBE-AI/App/two_three.o
 .data.conv2d_4_layer
                0x0000000020002af0       0x5c ./X-CUBE-AI/App/two_three.o
 .data.__compound_literal.80
                0x0000000020002b4c        0x4 ./X-CUBE-AI/App/two_three.o
 .data.__compound_literal.81
                0x0000000020002b50        0x4 ./X-CUBE-AI/App/two_three.o
 .data.__compound_literal.82
                0x0000000020002b54        0x8 ./X-CUBE-AI/App/two_three.o
 .data.__compound_literal.84
                0x0000000020002b5c       0x30 ./X-CUBE-AI/App/two_three.o
 .data.eltwise_3_layer
                0x0000000020002b8c       0x1c ./X-CUBE-AI/App/two_three.o
 .data.__compound_literal.85
                0x0000000020002ba8        0x4 ./X-CUBE-AI/App/two_three.o
 .data.__compound_literal.86
                0x0000000020002bac        0x4 ./X-CUBE-AI/App/two_three.o
 .data.__compound_literal.87
                0x0000000020002bb0        0xc ./X-CUBE-AI/App/two_three.o
 .data.__compound_literal.88
                0x0000000020002bbc        0x4 ./X-CUBE-AI/App/two_three.o
 .data.__compound_literal.89
                0x0000000020002bc0       0x30 ./X-CUBE-AI/App/two_three.o
 .data.__compound_literal.90
                0x0000000020002bf0       0x10 ./X-CUBE-AI/App/two_three.o
 .data.__compound_literal.91
                0x0000000020002c00       0x10 ./X-CUBE-AI/App/two_three.o
 .data.conv2d_0_layer
                0x0000000020002c10       0x5c ./X-CUBE-AI/App/two_three.o
 .data.__compound_literal.92
                0x0000000020002c6c       0x10 ./X-CUBE-AI/App/two_three.o
 .data.__compound_literal.93
                0x0000000020002c7c       0x1c ./X-CUBE-AI/App/two_three.o
 .data.__compound_literal.94
                0x0000000020002c98       0x10 ./X-CUBE-AI/App/two_three.o
 .data.__compound_literal.95
                0x0000000020002ca8       0x1c ./X-CUBE-AI/App/two_three.o
 .data.__compound_literal.96
                0x0000000020002cc4        0x4 ./X-CUBE-AI/App/two_three.o
 .data.__compound_literal.100
                0x0000000020002cc8        0xc ./X-CUBE-AI/App/two_three.o
 .data.__compound_literal.101
                0x0000000020002cd4        0x4 ./X-CUBE-AI/App/two_three.o
 .data.__compound_literal.105
                0x0000000020002cd8        0xc ./X-CUBE-AI/App/two_three.o
 .data.__compound_literal.106
                0x0000000020002ce4       0x18 ./X-CUBE-AI/App/two_three.o
 .data.g_two_three
                0x0000000020002cfc       0x48 ./X-CUBE-AI/App/two_three.o
 .data.__compound_literal.0
                0x0000000020002d44       0x10 ./X-CUBE-AI/App/two_three_data.o
 .data.g_two_three_data_map_activations
                0x0000000020002d54       0x1c ./X-CUBE-AI/App/two_three_data.o
                0x0000000020002d54                g_two_three_data_map_activations
 .data.__compound_literal.1
                0x0000000020002d70       0x10 ./X-CUBE-AI/App/two_three_data.o
 .data.g_two_three_data_map_weights
                0x0000000020002d80       0x1c ./X-CUBE-AI/App/two_three_data.o
                0x0000000020002d80                g_two_three_data_map_weights
 .data._impure_ptr
                0x0000000020002d9c        0x4 d:/st/stm32cubeide_1.9.0/stm32cubeide/plugins/com.st.stm32cube.ide.mcu.externaltools.gnu-tools-for-stm32.10.3-2021.10.win32_1.0.0.202111181127/tools/bin/../lib/gcc/arm-none-eabi/10.3.1/../../../../arm-none-eabi/lib/thumb/v7e-m+fp/hard\libc_nano.a(lib_a-impure.o)
                0x0000000020002d9c                _impure_ptr
 .data.impure_data
                0x0000000020002da0       0x60 d:/st/stm32cubeide_1.9.0/stm32cubeide/plugins/com.st.stm32cube.ide.mcu.externaltools.gnu-tools-for-stm32.10.3-2021.10.win32_1.0.0.202111181127/tools/bin/../lib/gcc/arm-none-eabi/10.3.1/../../../../arm-none-eabi/lib/thumb/v7e-m+fp/hard\libc_nano.a(lib_a-impure.o)
 *(.RamFunc)
 *(.RamFunc*)
                0x0000000020002e00                . = ALIGN (0x4)
                0x0000000020002e00                _edata = .

.igot.plt       0x0000000020002e00        0x0 load address 0x0000000008025a30
 .igot.plt      0x0000000020002e00        0x0 d:/st/stm32cubeide_1.9.0/stm32cubeide/plugins/com.st.stm32cube.ide.mcu.externaltools.gnu-tools-for-stm32.10.3-2021.10.win32_1.0.0.202111181127/tools/bin/../lib/gcc/arm-none-eabi/10.3.1/thumb/v7e-m+fp/hard/crtbegin.o
                0x0000000020002e00                . = ALIGN (0x4)

.bss            0x0000000020002e00     0x7b0c load address 0x0000000008025a30
                0x0000000020002e00                _sbss = .
                0x0000000020002e00                __bss_start__ = _sbss
 *(.bss)
 .bss           0x0000000020002e00       0x1c d:/st/stm32cubeide_1.9.0/stm32cubeide/plugins/com.st.stm32cube.ide.mcu.externaltools.gnu-tools-for-stm32.10.3-2021.10.win32_1.0.0.202111181127/tools/bin/../lib/gcc/arm-none-eabi/10.3.1/thumb/v7e-m+fp/hard/crtbegin.o
 *(.bss*)
 .bss.hcrc      0x0000000020002e1c       0x24 ./Core/Src/main.o
                0x0000000020002e1c                hcrc
 .bss.network_23
                0x0000000020002e40        0x4 ./Core/Src/main.o
                0x0000000020002e40                network_23
 .bss.network_all
                0x0000000020002e44        0x4 ./Core/Src/main.o
                0x0000000020002e44                network_all
 .bss.activations_23
                0x0000000020002e48     0x1a00 ./Core/Src/main.o
                0x0000000020002e48                activations_23
 .bss.activations_all
                0x0000000020004848     0x3400 ./Core/Src/main.o
                0x0000000020004848                activations_all
 .bss.in_data_23
                0x0000000020007c48     0x15c0 ./Core/Src/main.o
                0x0000000020007c48                in_data_23
 .bss.out_data_23
                0x0000000020009208        0x8 ./Core/Src/main.o
                0x0000000020009208                out_data_23
 .bss.in_data_all
                0x0000000020009210     0x15c0 ./Core/Src/main.o
                0x0000000020009210                in_data_all
 .bss.out_data_all
                0x000000002000a7d0       0x18 ./Core/Src/main.o
                0x000000002000a7d0                out_data_all
 .bss.ai_input_23
                0x000000002000a7e8        0x4 ./Core/Src/main.o
                0x000000002000a7e8                ai_input_23
 .bss.ai_output_23
                0x000000002000a7ec        0x4 ./Core/Src/main.o
                0x000000002000a7ec                ai_output_23
 .bss.ai_input_all
                0x000000002000a7f0        0x4 ./Core/Src/main.o
                0x000000002000a7f0                ai_input_all
 .bss.ai_output_all
                0x000000002000a7f4        0x4 ./Core/Src/main.o
                0x000000002000a7f4                ai_output_all
 .bss.uwTick    0x000000002000a7f8        0x4 ./Drivers/STM32F7xx_HAL_Driver/Src/stm32f7xx_hal.o
                0x000000002000a7f8                uwTick
 .bss.__compound_literal.50
                0x000000002000a7fc        0x4 ./X-CUBE-AI/App/all.o
 .bss.__compound_literal.51
                0x000000002000a800        0x4 ./X-CUBE-AI/App/all.o
 .bss.__compound_literal.56
                0x000000002000a804        0x4 ./X-CUBE-AI/App/all.o
 .bss.__compound_literal.60
                0x000000002000a808        0x4 ./X-CUBE-AI/App/all.o
 .bss.__compound_literal.61
                0x000000002000a80c        0x4 ./X-CUBE-AI/App/all.o
 .bss.__compound_literal.66
                0x000000002000a810        0x4 ./X-CUBE-AI/App/all.o
 .bss.__compound_literal.71
                0x000000002000a814        0x4 ./X-CUBE-AI/App/all.o
 .bss.__compound_literal.83
                0x000000002000a818        0x4 ./X-CUBE-AI/App/all.o
 .bss.__compound_literal.97
                0x000000002000a81c       0x1c ./X-CUBE-AI/App/all.o
 .bss.__compound_literal.98
                0x000000002000a838       0x10 ./X-CUBE-AI/App/all.o
 .bss.__compound_literal.99
                0x000000002000a848        0x8 ./X-CUBE-AI/App/all.o
 .bss.__compound_literal.102
                0x000000002000a850       0x1c ./X-CUBE-AI/App/all.o
 .bss.__compound_literal.103
                0x000000002000a86c       0x10 ./X-CUBE-AI/App/all.o
 .bss.__compound_literal.104
                0x000000002000a87c        0x8 ./X-CUBE-AI/App/all.o
 .bss.__compound_literal.50
                0x000000002000a884        0x4 ./X-CUBE-AI/App/two_three.o
 .bss.__compound_literal.51
                0x000000002000a888        0x4 ./X-CUBE-AI/App/two_three.o
 .bss.__compound_literal.56
                0x000000002000a88c        0x4 ./X-CUBE-AI/App/two_three.o
 .bss.__compound_literal.60
                0x000000002000a890        0x4 ./X-CUBE-AI/App/two_three.o
 .bss.__compound_literal.61
                0x000000002000a894        0x4 ./X-CUBE-AI/App/two_three.o
 .bss.__compound_literal.66
                0x000000002000a898        0x4 ./X-CUBE-AI/App/two_three.o
 .bss.__compound_literal.71
                0x000000002000a89c        0x4 ./X-CUBE-AI/App/two_three.o
 .bss.__compound_literal.83
                0x000000002000a8a0        0x4 ./X-CUBE-AI/App/two_three.o
 .bss.__compound_literal.97
                0x000000002000a8a4       0x1c ./X-CUBE-AI/App/two_three.o
 .bss.__compound_literal.98
                0x000000002000a8c0       0x10 ./X-CUBE-AI/App/two_three.o
 .bss.__compound_literal.99
                0x000000002000a8d0        0x8 ./X-CUBE-AI/App/two_three.o
 .bss.__compound_literal.102
                0x000000002000a8d8       0x1c ./X-CUBE-AI/App/two_three.o
 .bss.__compound_literal.103
                0x000000002000a8f4       0x10 ./X-CUBE-AI/App/two_three.o
 .bss.__compound_literal.104
                0x000000002000a904        0x8 ./X-CUBE-AI/App/two_three.o
 *(COMMON)
                0x000000002000a90c                . = ALIGN (0x4)
                0x000000002000a90c                _ebss = .
                0x000000002000a90c                __bss_end__ = _ebss

._user_heap_stack
                0x000000002000a90c      0x604 load address 0x0000000008025a30
                0x000000002000a910                . = ALIGN (0x8)
 *fill*         0x000000002000a90c        0x4 
                [!provide]                        PROVIDE (end = .)
                0x000000002000a910                PROVIDE (_end = .)
                0x000000002000ab10                . = (. + _Min_Heap_Size)
 *fill*         0x000000002000a910      0x200 
                0x000000002000af10                . = (. + _Min_Stack_Size)
 *fill*         0x000000002000ab10      0x400 
                0x000000002000af10                . = ALIGN (0x8)

/DISCARD/
 libc.a(*)
 libm.a(*)
 libgcc.a(*)

.ARM.attributes
                0x0000000000000000       0x30
 *(.ARM.attributes)
 .ARM.attributes
                0x0000000000000000       0x1e d:/st/stm32cubeide_1.9.0/stm32cubeide/plugins/com.st.stm32cube.ide.mcu.externaltools.gnu-tools-for-stm32.10.3-2021.10.win32_1.0.0.202111181127/tools/bin/../lib/gcc/arm-none-eabi/10.3.1/thumb/v7e-m+fp/hard/crti.o
 .ARM.attributes
                0x000000000000001e       0x34 d:/st/stm32cubeide_1.9.0/stm32cubeide/plugins/com.st.stm32cube.ide.mcu.externaltools.gnu-tools-for-stm32.10.3-2021.10.win32_1.0.0.202111181127/tools/bin/../lib/gcc/arm-none-eabi/10.3.1/thumb/v7e-m+fp/hard/crtbegin.o
 .ARM.attributes
                0x0000000000000052       0x34 ./Core/Src/main.o
 .ARM.attributes
                0x0000000000000086       0x34 ./Core/Src/stm32f7xx_hal_msp.o
 .ARM.attributes
                0x00000000000000ba       0x34 ./Core/Src/stm32f7xx_it.o
 .ARM.attributes
                0x00000000000000ee       0x34 ./Core/Src/system_stm32f7xx.o
 .ARM.attributes
                0x0000000000000122       0x21 ./Core/Startup/startup_stm32f746nghx.o
 .ARM.attributes
                0x0000000000000143       0x34 ./Drivers/STM32F7xx_HAL_Driver/Src/stm32f7xx_hal.o
 .ARM.attributes
                0x0000000000000177       0x34 ./Drivers/STM32F7xx_HAL_Driver/Src/stm32f7xx_hal_cortex.o
 .ARM.attributes
                0x00000000000001ab       0x34 ./Drivers/STM32F7xx_HAL_Driver/Src/stm32f7xx_hal_crc.o
 .ARM.attributes
                0x00000000000001df       0x34 ./Drivers/STM32F7xx_HAL_Driver/Src/stm32f7xx_hal_crc_ex.o
 .ARM.attributes
                0x0000000000000213       0x34 ./Drivers/STM32F7xx_HAL_Driver/Src/stm32f7xx_hal_gpio.o
 .ARM.attributes
                0x0000000000000247       0x34 ./Drivers/STM32F7xx_HAL_Driver/Src/stm32f7xx_hal_rcc.o
 .ARM.attributes
                0x000000000000027b       0x34 ./X-CUBE-AI/App/all.o
 .ARM.attributes
                0x00000000000002af       0x34 ./X-CUBE-AI/App/all_data.o
 .ARM.attributes
                0x00000000000002e3       0x34 ./X-CUBE-AI/App/two_three.o
 .ARM.attributes
                0x0000000000000317       0x34 ./X-CUBE-AI/App/two_three_data.o
 .ARM.attributes
                0x000000000000034b       0x35 ../Middlewares/ST/AI/Lib\NetworkRuntime710_CM7_GCC.a(ai_platform.o)
 .ARM.attributes
                0x0000000000000380       0x35 ../Middlewares/ST/AI/Lib\NetworkRuntime710_CM7_GCC.a(ai_platform_interface.o)
 .ARM.attributes
                0x00000000000003b5       0x35 ../Middlewares/ST/AI/Lib\NetworkRuntime710_CM7_GCC.a(core_common.o)
 .ARM.attributes
                0x00000000000003ea       0x35 ../Middlewares/ST/AI/Lib\NetworkRuntime710_CM7_GCC.a(layers_conv2d_generic_float.o)
 .ARM.attributes
                0x000000000000041f       0x35 ../Middlewares/ST/AI/Lib\NetworkRuntime710_CM7_GCC.a(layers_pool_generic_float.o)
 .ARM.attributes
                0x0000000000000454       0x35 ../Middlewares/ST/AI/Lib\NetworkRuntime710_CM7_GCC.a(layers_nl_generic_float.o)
 .ARM.attributes
                0x0000000000000489       0x35 ../Middlewares/ST/AI/Lib\NetworkRuntime710_CM7_GCC.a(layers_norm_generic_float.o)
 .ARM.attributes
                0x00000000000004be       0x35 ../Middlewares/ST/AI/Lib\NetworkRuntime710_CM7_GCC.a(layers.o)
 .ARM.attributes
                0x00000000000004f3       0x35 ../Middlewares/ST/AI/Lib\NetworkRuntime710_CM7_GCC.a(ai_datatypes_internal.o)
 .ARM.attributes
                0x0000000000000528       0x35 ../Middlewares/ST/AI/Lib\NetworkRuntime710_CM7_GCC.a(ai_datatypes_format.o)
 .ARM.attributes
                0x000000000000055d       0x34 d:/st/stm32cubeide_1.9.0/stm32cubeide/plugins/com.st.stm32cube.ide.mcu.externaltools.gnu-tools-for-stm32.10.3-2021.10.win32_1.0.0.202111181127/tools/bin/../lib/gcc/arm-none-eabi/10.3.1/../../../../arm-none-eabi/lib/thumb/v7e-m+fp/hard\libc_nano.a(lib_a-errno.o)
 .ARM.attributes
                0x0000000000000591       0x34 d:/st/stm32cubeide_1.9.0/stm32cubeide/plugins/com.st.stm32cube.ide.mcu.externaltools.gnu-tools-for-stm32.10.3-2021.10.win32_1.0.0.202111181127/tools/bin/../lib/gcc/arm-none-eabi/10.3.1/../../../../arm-none-eabi/lib/thumb/v7e-m+fp/hard\libc_nano.a(lib_a-impure.o)
 .ARM.attributes
                0x00000000000005c5       0x34 d:/st/stm32cubeide_1.9.0/stm32cubeide/plugins/com.st.stm32cube.ide.mcu.externaltools.gnu-tools-for-stm32.10.3-2021.10.win32_1.0.0.202111181127/tools/bin/../lib/gcc/arm-none-eabi/10.3.1/../../../../arm-none-eabi/lib/thumb/v7e-m+fp/hard\libc_nano.a(lib_a-init.o)
 .ARM.attributes
                0x00000000000005f9       0x34 d:/st/stm32cubeide_1.9.0/stm32cubeide/plugins/com.st.stm32cube.ide.mcu.externaltools.gnu-tools-for-stm32.10.3-2021.10.win32_1.0.0.202111181127/tools/bin/../lib/gcc/arm-none-eabi/10.3.1/../../../../arm-none-eabi/lib/thumb/v7e-m+fp/hard\libc_nano.a(lib_a-memcpy-stub.o)
 .ARM.attributes
                0x000000000000062d       0x34 d:/st/stm32cubeide_1.9.0/stm32cubeide/plugins/com.st.stm32cube.ide.mcu.externaltools.gnu-tools-for-stm32.10.3-2021.10.win32_1.0.0.202111181127/tools/bin/../lib/gcc/arm-none-eabi/10.3.1/../../../../arm-none-eabi/lib/thumb/v7e-m+fp/hard\libc_nano.a(lib_a-memset.o)
 .ARM.attributes
                0x0000000000000661       0x34 d:/st/stm32cubeide_1.9.0/stm32cubeide/plugins/com.st.stm32cube.ide.mcu.externaltools.gnu-tools-for-stm32.10.3-2021.10.win32_1.0.0.202111181127/tools/bin/../lib/gcc/arm-none-eabi/10.3.1/../../../../arm-none-eabi/lib/thumb/v7e-m+fp/hard\libm.a(lib_a-wf_exp.o)
 .ARM.attributes
                0x0000000000000695       0x34 d:/st/stm32cubeide_1.9.0/stm32cubeide/plugins/com.st.stm32cube.ide.mcu.externaltools.gnu-tools-for-stm32.10.3-2021.10.win32_1.0.0.202111181127/tools/bin/../lib/gcc/arm-none-eabi/10.3.1/../../../../arm-none-eabi/lib/thumb/v7e-m+fp/hard\libm.a(lib_a-ef_exp.o)
 .ARM.attributes
                0x00000000000006c9       0x34 d:/st/stm32cubeide_1.9.0/stm32cubeide/plugins/com.st.stm32cube.ide.mcu.externaltools.gnu-tools-for-stm32.10.3-2021.10.win32_1.0.0.202111181127/tools/bin/../lib/gcc/arm-none-eabi/10.3.1/../../../../arm-none-eabi/lib/thumb/v7e-m+fp/hard\libm.a(lib_a-math_errf.o)
 .ARM.attributes
                0x00000000000006fd       0x34 d:/st/stm32cubeide_1.9.0/stm32cubeide/plugins/com.st.stm32cube.ide.mcu.externaltools.gnu-tools-for-stm32.10.3-2021.10.win32_1.0.0.202111181127/tools/bin/../lib/gcc/arm-none-eabi/10.3.1/../../../../arm-none-eabi/lib/thumb/v7e-m+fp/hard\libm.a(lib_a-sf_finite.o)
 .ARM.attributes
                0x0000000000000731       0x1e d:/st/stm32cubeide_1.9.0/stm32cubeide/plugins/com.st.stm32cube.ide.mcu.externaltools.gnu-tools-for-stm32.10.3-2021.10.win32_1.0.0.202111181127/tools/bin/../lib/gcc/arm-none-eabi/10.3.1/thumb/v7e-m+fp/hard\libgcc.a(_aeabi_uldivmod.o)
 .ARM.attributes
                0x000000000000074f       0x34 d:/st/stm32cubeide_1.9.0/stm32cubeide/plugins/com.st.stm32cube.ide.mcu.externaltools.gnu-tools-for-stm32.10.3-2021.10.win32_1.0.0.202111181127/tools/bin/../lib/gcc/arm-none-eabi/10.3.1/thumb/v7e-m+fp/hard\libgcc.a(_udivmoddi4.o)
 .ARM.attributes
                0x0000000000000783       0x1e d:/st/stm32cubeide_1.9.0/stm32cubeide/plugins/com.st.stm32cube.ide.mcu.externaltools.gnu-tools-for-stm32.10.3-2021.10.win32_1.0.0.202111181127/tools/bin/../lib/gcc/arm-none-eabi/10.3.1/thumb/v7e-m+fp/hard\libgcc.a(_dvmd_tls.o)
 .ARM.attributes
                0x00000000000007a1       0x1e d:/st/stm32cubeide_1.9.0/stm32cubeide/plugins/com.st.stm32cube.ide.mcu.externaltools.gnu-tools-for-stm32.10.3-2021.10.win32_1.0.0.202111181127/tools/bin/../lib/gcc/arm-none-eabi/10.3.1/thumb/v7e-m+fp/hard/crtn.o
OUTPUT(CASCADED_GRAD_CNN.elf elf32-littlearm)
LOAD linker stubs
LOAD d:/st/stm32cubeide_1.9.0/stm32cubeide/plugins/com.st.stm32cube.ide.mcu.externaltools.gnu-tools-for-stm32.10.3-2021.10.win32_1.0.0.202111181127/tools/bin/../lib/gcc/arm-none-eabi/10.3.1/../../../../arm-none-eabi/lib/thumb/v7e-m+fp/hard\libc.a
LOAD d:/st/stm32cubeide_1.9.0/stm32cubeide/plugins/com.st.stm32cube.ide.mcu.externaltools.gnu-tools-for-stm32.10.3-2021.10.win32_1.0.0.202111181127/tools/bin/../lib/gcc/arm-none-eabi/10.3.1/../../../../arm-none-eabi/lib/thumb/v7e-m+fp/hard\libm.a
LOAD d:/st/stm32cubeide_1.9.0/stm32cubeide/plugins/com.st.stm32cube.ide.mcu.externaltools.gnu-tools-for-stm32.10.3-2021.10.win32_1.0.0.202111181127/tools/bin/../lib/gcc/arm-none-eabi/10.3.1/thumb/v7e-m+fp/hard\libgcc.a

.debug_info     0x0000000000000000     0xa469
 .debug_info    0x0000000000000000     0x1676 ./Core/Src/main.o
 .debug_info    0x0000000000001676      0x52b ./Core/Src/stm32f7xx_hal_msp.o
 .debug_info    0x0000000000001ba1      0x121 ./Core/Src/stm32f7xx_it.o
 .debug_info    0x0000000000001cc2      0x72c ./Core/Src/system_stm32f7xx.o
 .debug_info    0x00000000000023ee       0x22 ./Core/Startup/startup_stm32f746nghx.o
 .debug_info    0x0000000000002410      0xa0c ./Drivers/STM32F7xx_HAL_Driver/Src/stm32f7xx_hal.o
 .debug_info    0x0000000000002e1c     0x105a ./Drivers/STM32F7xx_HAL_Driver/Src/stm32f7xx_hal_cortex.o
 .debug_info    0x0000000000003e76      0x57c ./Drivers/STM32F7xx_HAL_Driver/Src/stm32f7xx_hal_crc.o
 .debug_info    0x00000000000043f2      0x38f ./Drivers/STM32F7xx_HAL_Driver/Src/stm32f7xx_hal_crc_ex.o
 .debug_info    0x0000000000004781      0x794 ./Drivers/STM32F7xx_HAL_Driver/Src/stm32f7xx_hal_gpio.o
 .debug_info    0x0000000000004f15      0x99c ./Drivers/STM32F7xx_HAL_Driver/Src/stm32f7xx_hal_rcc.o
 .debug_info    0x00000000000058b1     0x1f24 ./X-CUBE-AI/App/all.o
 .debug_info    0x00000000000077d5      0x6b8 ./X-CUBE-AI/App/all_data.o
 .debug_info    0x0000000000007e8d     0x1f24 ./X-CUBE-AI/App/two_three.o
 .debug_info    0x0000000000009db1      0x6b8 ./X-CUBE-AI/App/two_three_data.o

.debug_abbrev   0x0000000000000000     0x1cea
 .debug_abbrev  0x0000000000000000      0x32c ./Core/Src/main.o
 .debug_abbrev  0x000000000000032c      0x146 ./Core/Src/stm32f7xx_hal_msp.o
 .debug_abbrev  0x0000000000000472       0x74 ./Core/Src/stm32f7xx_it.o